Archive member included to satisfy reference by file (symbol)

c:/st/stm32cubeide_1.4.0/stm32cubeide/plugins/com.st.stm32cube.ide.mcu.externaltools.gnu-tools-for-stm32.7-2018-q2-update.win32_1.5.0.202011040924/tools/bin/../lib/gcc/arm-none-eabi/7.3.1/../../../../arm-none-eabi/lib/thumb/v7e-m/fpv5/hard\libc_nano.a(lib_a-errno.o)
                              Core/Src/syscalls.o (__errno)
c:/st/stm32cubeide_1.4.0/stm32cubeide/plugins/com.st.stm32cube.ide.mcu.externaltools.gnu-tools-for-stm32.7-2018-q2-update.win32_1.5.0.202011040924/tools/bin/../lib/gcc/arm-none-eabi/7.3.1/../../../../arm-none-eabi/lib/thumb/v7e-m/fpv5/hard\libc_nano.a(lib_a-exit.o)
                              c:/st/stm32cubeide_1.4.0/stm32cubeide/plugins/com.st.stm32cube.ide.mcu.externaltools.gnu-tools-for-stm32.7-2018-q2-update.win32_1.5.0.202011040924/tools/bin/../lib/gcc/arm-none-eabi/7.3.1/../../../../arm-none-eabi/lib/thumb/v7e-m/fpv5/hard/crt0.o (exit)
c:/st/stm32cubeide_1.4.0/stm32cubeide/plugins/com.st.stm32cube.ide.mcu.externaltools.gnu-tools-for-stm32.7-2018-q2-update.win32_1.5.0.202011040924/tools/bin/../lib/gcc/arm-none-eabi/7.3.1/../../../../arm-none-eabi/lib/thumb/v7e-m/fpv5/hard\libc_nano.a(lib_a-impure.o)
                              c:/st/stm32cubeide_1.4.0/stm32cubeide/plugins/com.st.stm32cube.ide.mcu.externaltools.gnu-tools-for-stm32.7-2018-q2-update.win32_1.5.0.202011040924/tools/bin/../lib/gcc/arm-none-eabi/7.3.1/../../../../arm-none-eabi/lib/thumb/v7e-m/fpv5/hard\libc_nano.a(lib_a-exit.o) (_global_impure_ptr)
c:/st/stm32cubeide_1.4.0/stm32cubeide/plugins/com.st.stm32cube.ide.mcu.externaltools.gnu-tools-for-stm32.7-2018-q2-update.win32_1.5.0.202011040924/tools/bin/../lib/gcc/arm-none-eabi/7.3.1/../../../../arm-none-eabi/lib/thumb/v7e-m/fpv5/hard\libc_nano.a(lib_a-init.o)
                              c:/st/stm32cubeide_1.4.0/stm32cubeide/plugins/com.st.stm32cube.ide.mcu.externaltools.gnu-tools-for-stm32.7-2018-q2-update.win32_1.5.0.202011040924/tools/bin/../lib/gcc/arm-none-eabi/7.3.1/../../../../arm-none-eabi/lib/thumb/v7e-m/fpv5/hard/crt0.o (__libc_init_array)
c:/st/stm32cubeide_1.4.0/stm32cubeide/plugins/com.st.stm32cube.ide.mcu.externaltools.gnu-tools-for-stm32.7-2018-q2-update.win32_1.5.0.202011040924/tools/bin/../lib/gcc/arm-none-eabi/7.3.1/../../../../arm-none-eabi/lib/thumb/v7e-m/fpv5/hard\libc_nano.a(lib_a-memcpy-stub.o)
                              Core/Src/ssd1306.o (memcpy)
c:/st/stm32cubeide_1.4.0/stm32cubeide/plugins/com.st.stm32cube.ide.mcu.externaltools.gnu-tools-for-stm32.7-2018-q2-update.win32_1.5.0.202011040924/tools/bin/../lib/gcc/arm-none-eabi/7.3.1/../../../../arm-none-eabi/lib/thumb/v7e-m/fpv5/hard\libc_nano.a(lib_a-memset.o)
                              c:/st/stm32cubeide_1.4.0/stm32cubeide/plugins/com.st.stm32cube.ide.mcu.externaltools.gnu-tools-for-stm32.7-2018-q2-update.win32_1.5.0.202011040924/tools/bin/../lib/gcc/arm-none-eabi/7.3.1/../../../../arm-none-eabi/lib/thumb/v7e-m/fpv5/hard/crt0.o (memset)
c:/st/stm32cubeide_1.4.0/stm32cubeide/plugins/com.st.stm32cube.ide.mcu.externaltools.gnu-tools-for-stm32.7-2018-q2-update.win32_1.5.0.202011040924/tools/bin/../lib/gcc/arm-none-eabi/7.3.1/../../../../arm-none-eabi/lib/thumb/v7e-m/fpv5/hard\libc_nano.a(lib_a-rand.o)
                              Core/Src/game.o (rand)
c:/st/stm32cubeide_1.4.0/stm32cubeide/plugins/com.st.stm32cube.ide.mcu.externaltools.gnu-tools-for-stm32.7-2018-q2-update.win32_1.5.0.202011040924/tools/bin/../lib/gcc/arm-none-eabi/7.3.1/../../../../arm-none-eabi/lib/thumb/v7e-m/fpv5/hard\libc_nano.a(lib_a-sprintf.o)
                              Core/Src/game.o (sprintf)
c:/st/stm32cubeide_1.4.0/stm32cubeide/plugins/com.st.stm32cube.ide.mcu.externaltools.gnu-tools-for-stm32.7-2018-q2-update.win32_1.5.0.202011040924/tools/bin/../lib/gcc/arm-none-eabi/7.3.1/../../../../arm-none-eabi/lib/thumb/v7e-m/fpv5/hard\libc_nano.a(lib_a-malloc.o)
                              c:/st/stm32cubeide_1.4.0/stm32cubeide/plugins/com.st.stm32cube.ide.mcu.externaltools.gnu-tools-for-stm32.7-2018-q2-update.win32_1.5.0.202011040924/tools/bin/../lib/gcc/arm-none-eabi/7.3.1/../../../../arm-none-eabi/lib/thumb/v7e-m/fpv5/hard\libc_nano.a(lib_a-rand.o) (malloc)
c:/st/stm32cubeide_1.4.0/stm32cubeide/plugins/com.st.stm32cube.ide.mcu.externaltools.gnu-tools-for-stm32.7-2018-q2-update.win32_1.5.0.202011040924/tools/bin/../lib/gcc/arm-none-eabi/7.3.1/../../../../arm-none-eabi/lib/thumb/v7e-m/fpv5/hard\libc_nano.a(lib_a-nano-freer.o)
                              c:/st/stm32cubeide_1.4.0/stm32cubeide/plugins/com.st.stm32cube.ide.mcu.externaltools.gnu-tools-for-stm32.7-2018-q2-update.win32_1.5.0.202011040924/tools/bin/../lib/gcc/arm-none-eabi/7.3.1/../../../../arm-none-eabi/lib/thumb/v7e-m/fpv5/hard\libc_nano.a(lib_a-malloc.o) (_free_r)
[...]
Memory Configuration

Name             Origin             Length             Attributes
RAM              0x0000000020000000 0x0000000000080000 xrw
FLASH            0x0000000008000000 0x0000000000200000 xr
*default*        0x0000000000000000 0xffffffffffffffff

Linker script and memory map

LOAD c:/st/stm32cubeide_1.4.0/stm32cubeide/plugins/com.st.stm32cube.ide.mcu.externaltools.gnu-tools-for-stm32.7-2018-q2-update.win32_1.5.0.202011040924/tools/bin/../lib/gcc/arm-none-eabi/7.3.1/thumb/v7e-m/fpv5/hard/crti.o
LOAD c:/st/stm32cubeide_1.4.0/stm32cubeide/plugins/com.st.stm32cube.ide.mcu.externaltools.gnu-tools-for-stm32.7-2018-q2-update.win32_1.5.0.202011040924/tools/bin/../lib/gcc/arm-none-eabi/7.3.1/thumb/v7e-m/fpv5/hard/crtbegin.o
LOAD c:/st/stm32cubeide_1.4.0/stm32cubeide/plugins/com.st.stm32cube.ide.mcu.externaltools.gnu-tools-for-stm32.7-2018-q2-update.win32_1.5.0.202011040924/tools/bin/../lib/gcc/arm-none-eabi/7.3.1/../../../../arm-none-eabi/lib/thumb/v7e-m/fpv5/hard/crt0.o
LOAD Core/Src/adc.o
LOAD Core/Src/game.o
LOAD Core/Src/gpio.o
LOAD Core/Src/main.o
LOAD Core/Src/spi.o
LOAD Core/Src/ssd1306.o
LOAD Core/Src/ssd1306_fonts.o
LOAD Core/Src/stm32f7xx_hal_msp.o
LOAD Core/Src/stm32f7xx_it.o
LOAD Core/Src/syscalls.o
LOAD Core/Src/sysmem.o
LOAD Core/Src/system_stm32f7xx.o
LOAD Core/Startup/startup_stm32f767zitx.o
LOAD Drivers/STM32F7xx_HAL_Driver/stm32f7xx_hal.o
LOAD Drivers/STM32F7xx_HAL_Driver/stm32f7xx_hal_adc.o
LOAD Drivers/STM32F7xx_HAL_Driver/stm32f7xx_hal_adc_ex.o
LOAD Drivers/STM32F7xx_HAL_Driver/stm32f7xx_hal_cortex.o
LOAD Drivers/STM32F7xx_HAL_Driver/stm32f7xx_hal_dma.o
LOAD Drivers/STM32F7xx_HAL_Driver/stm32f7xx_hal_dma_ex.o
LOAD Drivers/STM32F7xx_HAL_Driver/stm32f7xx_hal_exti.o
LOAD Drivers/STM32F7xx_HAL_Driver/stm32f7xx_hal_flash.o
LOAD Drivers/STM32F7xx_HAL_Driver/stm32f7xx_hal_flash_ex.o
LOAD Drivers/STM32F7xx_HAL_Driver/stm32f7xx_hal_gpio.o
LOAD Drivers/STM32F7xx_HAL_Driver/stm32f7xx_hal_i2c.o
LOAD Drivers/STM32F7xx_HAL_Driver/stm32f7xx_hal_i2c_ex.o
LOAD Drivers/STM32F7xx_HAL_Driver/stm32f7xx_hal_pwr.o
LOAD Drivers/STM32F7xx_HAL_Driver/stm32f7xx_hal_pwr_ex.o
LOAD Drivers/STM32F7xx_HAL_Driver/stm32f7xx_hal_rcc.o
LOAD Drivers/STM32F7xx_HAL_Driver/stm32f7xx_hal_rcc_ex.o
LOAD Drivers/STM32F7xx_HAL_Driver/stm32f7xx_hal_spi.o
LOAD Drivers/STM32F7xx_HAL_Driver/stm32f7xx_hal_spi_ex.o
LOAD Drivers/STM32F7xx_HAL_Driver/stm32f7xx_hal_tim.o
LOAD Drivers/STM32F7xx_HAL_Driver/stm32f7xx_hal_tim_ex.o
START GROUP
LOAD c:/st/stm32cubeide_1.4.0/stm32cubeide/plugins/com.st.stm32cube.ide.mcu.externaltools.gnu-tools-for-stm32.7-2018-q2-update.win32_1.5.0.202011040924/tools/bin/../lib/gcc/arm-none-eabi/7.3.1/../../../../arm-none-eabi/lib/thumb/v7e-m/fpv5/hard\libc_nano.a
LOAD c:/st/stm32cubeide_1.4.0/stm32cubeide/plugins/com.st.stm32cube.ide.mcu.externaltools.gnu-tools-for-stm32.7-2018-q2-update.win32_1.5.0.202011040924/tools/bin/../lib/gcc/arm-none-eabi/7.3.1/../../../../arm-none-eabi/lib/thumb/v7e-m/fpv5/hard\libm.a
END GROUP
START GROUP
LOAD c:/st/stm32cubeide_1.4.0/stm32cubeide/plugins/com.st.stm32cube.ide.mcu.externaltools.gnu-tools-for-stm32.7-2018-q2-update.win32_1.5.0.202011040924/tools/bin/../lib/gcc/arm-none-eabi/7.3.1/thumb/v7e-m/fpv5/hard\libgcc.a
LOAD c:/st/stm32cubeide_1.4.0/stm32cubeide/plugins/com.st.stm32cube.ide.mcu.externaltools.gnu-tools-for-stm32.7-2018-q2-update.win32_1.5.0.202011040924/tools/bin/../lib/gcc/arm-none-eabi/7.3.1/../../../../arm-none-eabi/lib/thumb/v7e-m/fpv5/hard\libc_nano.a
END GROUP
START GROUP
LOAD c:/st/stm32cubeide_1.4.0/stm32cubeide/plugins/com.st.stm32cube.ide.mcu.externaltools.gnu-tools-for-stm32.7-2018-q2-update.win32_1.5.0.202011040924/tools/bin/../lib/gcc/arm-none-eabi/7.3.1/thumb/v7e-m/fpv5/hard\libgcc.a
LOAD c:/st/stm32cubeide_1.4.0/stm32cubeide/plugins/com.st.stm32cube.ide.mcu.externaltools.gnu-tools-for-stm32.7-2018-q2-update.win32_1.5.0.202011040924/tools/bin/../lib/gcc/arm-none-eabi/7.3.1/../../../../arm-none-eabi/lib/thumb/v7e-m/fpv5/hard\libc_nano.a
LOAD c:/st/stm32cubeide_1.4.0/stm32cubeide/plugins/com.st.stm32cube.ide.mcu.externaltools.gnu-tools-for-stm32.7-2018-q2-update.win32_1.5.0.202011040924/tools/bin/../lib/gcc/arm-none-eabi/7.3.1/../../../../arm-none-eabi/lib/thumb/v7e-m/fpv5/hard\libnosys.a
END GROUP
START GROUP
LOAD c:/st/stm32cubeide_1.4.0/stm32cubeide/plugins/com.st.stm32cube.ide.mcu.externaltools.gnu-tools-for-stm32.7-2018-q2-update.win32_1.5.0.202011040924/tools/bin/../lib/gcc/arm-none-eabi/7.3.1/thumb/v7e-m/fpv5/hard\libgcc.a
LOAD c:/st/stm32cubeide_1.4.0/stm32cubeide/plugins/com.st.stm32cube.ide.mcu.externaltools.gnu-tools-for-stm32.7-2018-q2-update.win32_1.5.0.202011040924/tools/bin/../lib/gcc/arm-none-eabi/7.3.1/../../../../arm-none-eabi/lib/thumb/v7e-m/fpv5/hard\libc_nano.a
LOAD c:/st/stm32cubeide_1.4.0/stm32cubeide/plugins/com.st.stm32cube.ide.mcu.externaltools.gnu-tools-for-stm32.7-2018-q2-update.win32_1.5.0.202011040924/tools/bin/../lib/gcc/arm-none-eabi/7.3.1/../../../../arm-none-eabi/lib/thumb/v7e-m/fpv5/hard\libnosys.a
END GROUP
LOAD c:/st/stm32cubeide_1.4.0/stm32cubeide/plugins/com.st.stm32cube.ide.mcu.externaltools.gnu-tools-for-stm32.7-2018-q2-update.win32_1.5.0.202011040924/tools/bin/../lib/gcc/arm-none-eabi/7.3.1/thumb/v7e-m/fpv5/hard/crtend.o
LOAD c:/st/stm32cubeide_1.4.0/stm32cubeide/plugins/com.st.stm32cube.ide.mcu.externaltools.gnu-tools-for-stm32.7-2018-q2-update.win32_1.5.0.202011040924/tools/bin/../lib/gcc/arm-none-eabi/7.3.1/thumb/v7e-m/fpv5/hard/crtn.o
                0x0000000020080000                _estack = (ORIGIN (RAM) + LENGTH (RAM))
                0x0000000000000800                _Min_Heap_Size = 0x800
                0x0000000000001600                _Min_Stack_Size = 0x1600

.isr_vector     0x0000000008000000      0x1f8
                0x0000000008000000                . = ALIGN (0x4)
 *(.isr_vector)
 .isr_vector    0x0000000008000000      0x1f8 Core/Startup/startup_stm32f767zitx.o
                0x0000000008000000                g_pfnVectors
                0x00000000080001f8                . = ALIGN (0x4)

.text           0x0000000008000200     0x5f64
                0x0000000008000200                . = ALIGN (0x4)
 *(.text)
 .text          0x0000000008000200       0x40 c:/st/stm32cubeide_1.4.0/stm32cubeide/plugins/com.st.stm32cube.ide.mcu.externaltools.gnu-tools-for-stm32.7-2018-q2-update.win32_1.5.0.202011040924/tools/bin/../lib/gcc/arm-none-eabi/7.3.1/thumb/v7e-m/fpv5/hard/crtbegin.o
 .text          0x0000000008000240       0xa0 c:/st/stm32cubeide_1.4.0/stm32cubeide/plugins/com.st.stm32cube.ide.mcu.externaltools.gnu-tools-for-stm32.7-2018-q2-update.win32_1.5.0.202011040924/tools/bin/../lib/gcc/arm-none-eabi/7.3.1/../../../../arm-none-eabi/lib/thumb/v7e-m/fpv5/hard\libc_nano.a(lib_a-memchr.o)
                0x0000000008000240                memchr
 .text          0x00000000080002e0       0x30 c:/st/stm32cubeide_1.4.0/stm32cubeide/plugins/com.st.stm32cube.ide.mcu.externaltools.gnu-tools-for-stm32.7-2018-q2-update.win32_1.5.0.202011040924/tools/bin/../lib/gcc/arm-none-eabi/7.3.1/thumb/v7e-m/fpv5/hard\libgcc.a(_aeabi_uldivmod.o)
                0x00000000080002e0                __aeabi_uldivmod
 .text          0x0000000008000310      0x2cc c:/st/stm32cubeide_1.4.0/stm32cubeide/plugins/com.st.stm32cube.ide.mcu.externaltools.gnu-tools-for-stm32.7-2018-q2-update.win32_1.5.0.202011040924/tools/bin/../lib/gcc/arm-none-eabi/7.3.1/thumb/v7e-m/fpv5/hard\libgcc.a(_udivmoddi4.o)
                0x0000000008000310                __udivmoddi4
 .text          0x00000000080005dc        0x4 c:/st/stm32cubeide_1.4.0/stm32cubeide/plugins/com.st.stm32cube.ide.mcu.externaltools.gnu-tools-for-stm32.7-2018-q2-update.win32_1.5.0.202011040924/tools/bin/../lib/gcc/arm-none-eabi/7.3.1/thumb/v7e-m/fpv5/hard\libgcc.a(_dvmd_tls.o)
                0x00000000080005dc                __aeabi_idiv0
                0x00000000080005dc                __aeabi_ldiv0
 *(.text*)
 .text.MX_ADC1_Init
                0x00000000080005e0       0xa4 Core/Src/adc.o
                0x00000000080005e0                MX_ADC1_Init
 .text.MX_ADC3_Init
                0x0000000008000684       0xa4 Core/Src/adc.o
                0x0000000008000684                MX_ADC3_Init
 .text.HAL_ADC_MspInit
                0x0000000008000728       0xdc Core/Src/adc.o
                0x0000000008000728                HAL_ADC_MspInit
 .text.ReadFromADC
                0x0000000008000804       0x6c Core/Src/game.o
                0x0000000008000804                ReadFromADC
 .text.ButtonHandler
                0x0000000008000870       0x20 Core/Src/game.o
                0x0000000008000870                ButtonHandler
 .text._GameEngineBulletInit
                0x0000000008000890       0x88 Core/Src/game.o
                0x0000000008000890                _GameEngineBulletInit
 .text._GameEngineBossBulletInit
                0x0000000008000918      0x108 Core/Src/game.o
                0x0000000008000918                _GameEngineBossBulletInit
 .text._GameEngineBossInit
                0x0000000008000a20      0x108 Core/Src/game.o
                0x0000000008000a20                _GameEngineBossInit
 .text._GameEngineBossAppear
                0x0000000008000b28       0xde Core/Src/game.o
                0x0000000008000b28                _GameEngineBossAppear
 *fill*         0x0000000008000c06        0x2 
 .text.JoystickMoveHandler
                0x0000000008000c08      0x180 Core/Src/game.o
                0x0000000008000c08                JoystickMoveHandler
 .text._GameEngineJoystickHandler
                0x0000000008000d88      0x25c Core/Src/game.o
                0x0000000008000d88                _GameEngineJoystickHandler
 .text._GameEngineBulletsHandler
                0x0000000008000fe4       0xe8 Core/Src/game.o
                0x0000000008000fe4                _GameEngineBulletsHandler
 .text._GameEngineEnemyesHandler
                0x00000000080010cc      0x1c4 Core/Src/game.o
                0x00000000080010cc                _GameEngineEnemyesHandler
 .text._GameEngineCareHandler
                0x0000000008001290       0xa0 Core/Src/game.o
                0x0000000008001290                _GameEngineCareHandler
 .text._GameEngineBossHandler
                0x0000000008001330      0x1c6 Core/Src/game.o
                0x0000000008001330                _GameEngineBossHandler
 .text._GameEngineBossBulletsHandler
                0x00000000080014f6       0xe4 Core/Src/game.o
                0x00000000080014f6                _GameEngineBossBulletsHandler
 *fill*         0x00000000080015da        0x2 
 .text._GameEngineColissionHandler
                0x00000000080015dc      0x6d0 Core/Src/game.o
                0x00000000080015dc                _GameEngineColissionHandler
 .text._GameEngineScoreHandler
                0x0000000008001cac       0x4c Core/Src/game.o
                0x0000000008001cac                _GameEngineScoreHandler
 .text._GameEngineLifeHandler
                0x0000000008001cf8       0x26 Core/Src/game.o
                0x0000000008001cf8                _GameEngineLifeHandler
 *fill*         0x0000000008001d1e        0x2 
 .text._GameEngineStarshipDraw
                0x0000000008001d20       0x4c Core/Src/game.o
                0x0000000008001d20                _GameEngineStarshipDraw
 .text._GameEngineBulletsDraw
                0x0000000008001d6c      0x108 Core/Src/game.o
                0x0000000008001d6c                _GameEngineBulletsDraw
 .text._GameEngineEnemyesDraw
                0x0000000008001e74       0x90 Core/Src/game.o
                0x0000000008001e74                _GameEngineEnemyesDraw
 .text._GameEngineCareDraw
                0x0000000008001f04       0x24 Core/Src/game.o
                0x0000000008001f04                _GameEngineCareDraw
 .text._GameEngineBossDraw
                0x0000000008001f28      0x1a8 Core/Src/game.o
                0x0000000008001f28                _GameEngineBossDraw
 .text._GameEngineBossBulletsDraw
                0x00000000080020d0      0x21c Core/Src/game.o
                0x00000000080020d0                _GameEngineBossBulletsDraw
 .text._GameEngineBossErase
                0x00000000080022ec       0xd8 Core/Src/game.o
                0x00000000080022ec                _GameEngineBossErase
 .text._GameEngineScoreDraw
                0x00000000080023c4       0xec Core/Src/game.o
                0x00000000080023c4                _GameEngineScoreDraw
 .text._GameEngineBossHPDraw
                0x00000000080024b0       0xf8 Core/Src/game.o
                0x00000000080024b0                _GameEngineBossHPDraw
 .text._GameEngineGameOver
                0x00000000080025a8      0x170 Core/Src/game.o
                0x00000000080025a8                _GameEngineGameOver
 .text._GameEngineDrawObject8x8
                0x0000000008002718       0x26 Core/Src/game.o
                0x0000000008002718                _GameEngineDrawObject8x8
 .text._GameEngineEraseObject8x8
                0x000000000800273e       0x22 Core/Src/game.o
                0x000000000800273e                _GameEngineEraseObject8x8
 .text._GameEngineDrawObject16x16
                0x0000000008002760       0x26 Core/Src/game.o
                0x0000000008002760                _GameEngineDrawObject16x16
 .text._GameEngineEraseObject16x16
                0x0000000008002786       0x22 Core/Src/game.o
                0x0000000008002786                _GameEngineEraseObject16x16
 .text._GameEngineDrawObject24x24
                0x00000000080027a8       0x26 Core/Src/game.o
                0x00000000080027a8                _GameEngineDrawObject24x24
 .text._GameEngineEraseObject24x24
                0x00000000080027ce       0x22 Core/Src/game.o
                0x00000000080027ce                _GameEngineEraseObject24x24
 .text._GameEngineDrawObject32x32
                0x00000000080027f0       0x26 Core/Src/game.o
                0x00000000080027f0                _GameEngineDrawObject32x32
 .text._GameEngineEraseObject32x32
                0x0000000008002816       0x22 Core/Src/game.o
                0x0000000008002816                _GameEngineEraseObject32x32
 .text._GameEngineDrawObject32x64
                0x0000000008002838       0x40 Core/Src/game.o
                0x0000000008002838                _GameEngineDrawObject32x64
 .text._GameEngineEraseObject32x64
                0x0000000008002878       0x38 Core/Src/game.o
                0x0000000008002878                _GameEngineEraseObject32x64
 .text.MX_GPIO_Init
                0x00000000080028b0      0x114 Core/Src/gpio.o
                0x00000000080028b0                MX_GPIO_Init
 .text.main     0x00000000080029c4      0x368 Core/Src/main.o
                0x00000000080029c4                main
 .text.SystemClock_Config
                0x0000000008002d2c       0xd8 Core/Src/main.o
                0x0000000008002d2c                SystemClock_Config
 .text.Error_Handler
                0x0000000008002e04        0xe Core/Src/main.o
                0x0000000008002e04                Error_Handler
 *fill*         0x0000000008002e12        0x2 
 .text.MX_SPI1_Init
                0x0000000008002e14       0x7c Core/Src/spi.o
                0x0000000008002e14                MX_SPI1_Init
 .text.HAL_SPI_MspInit
                0x0000000008002e90       0x88 Core/Src/spi.o
                0x0000000008002e90                HAL_SPI_MspInit
 .text.ssd1306_Reset
                0x0000000008002f18       0x40 Core/Src/ssd1306.o
                0x0000000008002f18                ssd1306_Reset
 .text.ssd1306_WriteCommand
                0x0000000008002f58       0x4c Core/Src/ssd1306.o
                0x0000000008002f58                ssd1306_WriteCommand
 .text.ssd1306_WriteData
                0x0000000008002fa4       0x50 Core/Src/ssd1306.o
                0x0000000008002fa4                ssd1306_WriteData
 .text.ssd1306_Init
                0x0000000008002ff4       0xc4 Core/Src/ssd1306.o
                0x0000000008002ff4                ssd1306_Init
 .text.ssd1306_Fill
                0x00000000080030b8       0x44 Core/Src/ssd1306.o
                0x00000000080030b8                ssd1306_Fill
 .text.ssd1306_UpdateScreen
                0x00000000080030fc       0x4c Core/Src/ssd1306.o
                0x00000000080030fc                ssd1306_UpdateScreen
 .text.ssd1306_DrawPixel
                0x0000000008003148       0xc0 Core/Src/ssd1306.o
                0x0000000008003148                ssd1306_DrawPixel
 .text.ssd1306_WriteChar
                0x0000000008003208      0x110 Core/Src/ssd1306.o
                0x0000000008003208                ssd1306_WriteChar
 .text.ssd1306_WriteString
                0x0000000008003318       0x4c Core/Src/ssd1306.o
                0x0000000008003318                ssd1306_WriteString
 .text.ssd1306_SetCursor
                0x0000000008003364       0x30 Core/Src/ssd1306.o
                0x0000000008003364                ssd1306_SetCursor
 .text.ssd1306_Line
                0x0000000008003394       0xd8 Core/Src/ssd1306.o
                0x0000000008003394                ssd1306_Line
 .text.ssd1306_DrawRectangle
                0x000000000800346c       0x6e Core/Src/ssd1306.o
                0x000000000800346c                ssd1306_DrawRectangle
 .text.ssd1306_DrawFilledRectangle
                0x00000000080034da       0x70 Core/Src/ssd1306.o
                0x00000000080034da                ssd1306_DrawFilledRectangle
 *fill*         0x000000000800354a        0x2 
 .text.ssd1306_SetDisplayOn
                0x000000000800354c       0x3c Core/Src/ssd1306.o
                0x000000000800354c                ssd1306_SetDisplayOn
 .text.ssd1306_WriteText
                0x0000000008003588       0x3c Core/Src/ssd1306.o
                0x0000000008003588                ssd1306_WriteText
 .text.ssd1306_DrawSprite8x8
                0x00000000080035c4       0x76 Core/Src/ssd1306.o
                0x00000000080035c4                ssd1306_DrawSprite8x8
 .text.ssd1306_DrawSprite16x16
                0x000000000800363a       0x78 Core/Src/ssd1306.o
                0x000000000800363a                ssd1306_DrawSprite16x16
 .text.ssd1306_DrawSprite24x24
                0x00000000080036b2       0x76 Core/Src/ssd1306.o
                0x00000000080036b2                ssd1306_DrawSprite24x24
 .text.ssd1306_DrawSprite32x32
                0x0000000008003728       0x76 Core/Src/ssd1306.o
                0x0000000008003728                ssd1306_DrawSprite32x32
 *fill*         0x000000000800379e        0x2 
 .text.HAL_MspInit
                0x00000000080037a0       0x48 Core/Src/stm32f7xx_hal_msp.o
                0x00000000080037a0                HAL_MspInit
 .text.NMI_Handler
                0x00000000080037e8        0xe Core/Src/stm32f7xx_it.o
                0x00000000080037e8                NMI_Handler
 .text.HardFault_Handler
                0x00000000080037f6        0x6 Core/Src/stm32f7xx_it.o
                0x00000000080037f6                HardFault_Handler
 .text.MemManage_Handler
                0x00000000080037fc        0x6 Core/Src/stm32f7xx_it.o
                0x00000000080037fc                MemManage_Handler
 .text.BusFault_Handler
                0x0000000008003802        0x6 Core/Src/stm32f7xx_it.o
                0x0000000008003802                BusFault_Handler
 .text.UsageFault_Handler
                0x0000000008003808        0x6 Core/Src/stm32f7xx_it.o
                0x0000000008003808                UsageFault_Handler
 .text.SVC_Handler
                0x000000000800380e        0xe Core/Src/stm32f7xx_it.o
                0x000000000800380e                SVC_Handler
 .text.DebugMon_Handler
                0x000000000800381c        0xe Core/Src/stm32f7xx_it.o
                0x000000000800381c                DebugMon_Handler
 .text.PendSV_Handler
                0x000000000800382a        0xe Core/Src/stm32f7xx_it.o
                0x000000000800382a                PendSV_Handler
 .text.SysTick_Handler
                0x0000000008003838        0xc Core/Src/stm32f7xx_it.o
                0x0000000008003838                SysTick_Handler
 .text._sbrk    0x0000000008003844       0x6c Core/Src/sysmem.o
                0x0000000008003844                _sbrk
 .text.SystemInit
                0x00000000080038b0       0x24 Core/Src/system_stm32f7xx.o
                0x00000000080038b0                SystemInit
 .text.Reset_Handler
                0x00000000080038d4       0x50 Core/Startup/startup_stm32f767zitx.o
                0x00000000080038d4                Reset_Handler
 .text.Default_Handler
                0x0000000008003924        0x2 Core/Startup/startup_stm32f767zitx.o
                0x0000000008003924                RTC_Alarm_IRQHandler
                0x0000000008003924                EXTI2_IRQHandler
                0x0000000008003924                TIM8_CC_IRQHandler
                0x0000000008003924                UART8_IRQHandler
                0x0000000008003924                SPI4_IRQHandler
                0x0000000008003924                TIM1_CC_IRQHandler
                0x0000000008003924                DMA2_Stream5_IRQHandler
                0x0000000008003924                JPEG_IRQHandler
                0x0000000008003924                DMA1_Stream5_IRQHandler
                0x0000000008003924                CAN3_RX1_IRQHandler
                0x0000000008003924                PVD_IRQHandler
                0x0000000008003924                TAMP_STAMP_IRQHandler
                0x0000000008003924                CAN2_RX1_IRQHandler
                0x0000000008003924                EXTI3_IRQHandler
                0x0000000008003924                TIM8_TRG_COM_TIM14_IRQHandler
                0x0000000008003924                DFSDM1_FLT1_IRQHandler
                0x0000000008003924                TIM1_UP_TIM10_IRQHandler
                0x0000000008003924                TIM8_UP_TIM13_IRQHandler
                0x0000000008003924                I2C3_ER_IRQHandler
                0x0000000008003924                DFSDM1_FLT2_IRQHandler
                0x0000000008003924                EXTI0_IRQHandler
                0x0000000008003924                I2C2_EV_IRQHandler
                0x0000000008003924                DMA1_Stream2_IRQHandler
                0x0000000008003924                CAN1_RX0_IRQHandler
                0x0000000008003924                FPU_IRQHandler
                0x0000000008003924                OTG_HS_WKUP_IRQHandler
                0x0000000008003924                CAN3_SCE_IRQHandler
                0x0000000008003924                LTDC_ER_IRQHandler
                0x0000000008003924                CAN2_SCE_IRQHandler
                0x0000000008003924                DMA2_Stream2_IRQHandler
                0x0000000008003924                SPI1_IRQHandler
                0x0000000008003924                TIM6_DAC_IRQHandler
                0x0000000008003924                TIM1_BRK_TIM9_IRQHandler
                0x0000000008003924                DCMI_IRQHandler
                0x0000000008003924                CAN2_RX0_IRQHandler
                0x0000000008003924                DMA2_Stream3_IRQHandler
                0x0000000008003924                SAI2_IRQHandler
                0x0000000008003924                DFSDM1_FLT3_IRQHandler
                0x0000000008003924                USART6_IRQHandler
                0x0000000008003924                CAN3_RX0_IRQHandler
                0x0000000008003924                USART3_IRQHandler
                0x0000000008003924                CAN1_RX1_IRQHandler
                0x0000000008003924                UART5_IRQHandler
                0x0000000008003924                DMA2_Stream0_IRQHandler
                0x0000000008003924                TIM4_IRQHandler
                0x0000000008003924                QUADSPI_IRQHandler
                0x0000000008003924                I2C1_EV_IRQHandler
                0x0000000008003924                DMA1_Stream6_IRQHandler
                0x0000000008003924                DMA1_Stream1_IRQHandler
                0x0000000008003924                UART4_IRQHandler
                0x0000000008003924                TIM3_IRQHandler
                0x0000000008003924                RCC_IRQHandler
                0x0000000008003924                TIM8_BRK_TIM12_IRQHandler
                0x0000000008003924                Default_Handler
                0x0000000008003924                CEC_IRQHandler
                0x0000000008003924                EXTI15_10_IRQHandler
                0x0000000008003924                ADC_IRQHandler
                0x0000000008003924                DMA1_Stream7_IRQHandler
                0x0000000008003924                SPI5_IRQHandler
                0x0000000008003924                TIM7_IRQHandler
                0x0000000008003924                SDMMC1_IRQHandler
                0x0000000008003924                CAN2_TX_IRQHandler
                0x0000000008003924                TIM5_IRQHandler
                0x0000000008003924                DMA2_Stream7_IRQHandler
                0x0000000008003924                I2C3_EV_IRQHandler
                0x0000000008003924                EXTI9_5_IRQHandler
                0x0000000008003924                RTC_WKUP_IRQHandler
                0x0000000008003924                LTDC_IRQHandler
                0x0000000008003924                ETH_WKUP_IRQHandler
                0x0000000008003924                SPDIF_RX_IRQHandler
                0x0000000008003924                SPI2_IRQHandler
                0x0000000008003924                OTG_HS_EP1_IN_IRQHandler
                0x0000000008003924                DMA1_Stream0_IRQHandler
                0x0000000008003924                CAN1_TX_IRQHandler
                0x0000000008003924                EXTI4_IRQHandler
                0x0000000008003924                RNG_IRQHandler
                0x0000000008003924                ETH_IRQHandler
                0x0000000008003924                OTG_HS_EP1_OUT_IRQHandler
                0x0000000008003924                WWDG_IRQHandler
                0x0000000008003924                SPI6_IRQHandler
                0x0000000008003924                MDIOS_IRQHandler
                0x0000000008003924                I2C4_EV_IRQHandler
                0x0000000008003924                CAN3_TX_IRQHandler
                0x0000000008003924                TIM2_IRQHandler
                0x0000000008003924                OTG_FS_WKUP_IRQHandler
                0x0000000008003924                TIM1_TRG_COM_TIM11_IRQHandler
                0x0000000008003924                OTG_HS_IRQHandler
                0x0000000008003924                DMA2D_IRQHandler
                0x0000000008003924                EXTI1_IRQHandler
                0x0000000008003924                SDMMC2_IRQHandler
                0x0000000008003924                UART7_IRQHandler
                0x0000000008003924                USART2_IRQHandler
                0x0000000008003924                DFSDM1_FLT0_IRQHandler
                0x0000000008003924                I2C2_ER_IRQHandler
                0x0000000008003924                DMA2_Stream1_IRQHandler
                0x0000000008003924                CAN1_SCE_IRQHandler
                0x0000000008003924                FLASH_IRQHandler
                0x0000000008003924                DMA2_Stream4_IRQHandler
                0x0000000008003924                USART1_IRQHandler
                0x0000000008003924                OTG_FS_IRQHandler
                0x0000000008003924                SPI3_IRQHandler
                0x0000000008003924                DMA1_Stream4_IRQHandler
                0x0000000008003924                I2C1_ER_IRQHandler
                0x0000000008003924                FMC_IRQHandler
                0x0000000008003924                LPTIM1_IRQHandler
                0x0000000008003924                I2C4_ER_IRQHandler
                0x0000000008003924                DMA2_Stream6_IRQHandler
                0x0000000008003924                SAI1_IRQHandler
                0x0000000008003924                DMA1_Stream3_IRQHandler
 .text.HAL_Init
                0x0000000008003926       0x1a Drivers/STM32F7xx_HAL_Driver/stm32f7xx_hal.o
                0x0000000008003926                HAL_Init
 .text.HAL_InitTick
                0x0000000008003940       0x60 Drivers/STM32F7xx_HAL_Driver/stm32f7xx_hal.o
                0x0000000008003940                HAL_InitTick
 .text.HAL_IncTick
                0x00000000080039a0       0x28 Drivers/STM32F7xx_HAL_Driver/stm32f7xx_hal.o
                0x00000000080039a0                HAL_IncTick
 .text.HAL_GetTick
                0x00000000080039c8       0x18 Drivers/STM32F7xx_HAL_Driver/stm32f7xx_hal.o
                0x00000000080039c8                HAL_GetTick
 .text.HAL_Delay
                0x00000000080039e0       0x44 Drivers/STM32F7xx_HAL_Driver/stm32f7xx_hal.o
                0x00000000080039e0                HAL_Delay
 .text.HAL_ADC_Init
                0x0000000008003a24       0x88 Drivers/STM32F7xx_HAL_Driver/stm32f7xx_hal_adc.o
                0x0000000008003a24                HAL_ADC_Init
 .text.HAL_ADC_Start
                0x0000000008003aac      0x19c Drivers/STM32F7xx_HAL_Driver/stm32f7xx_hal_adc.o
                0x0000000008003aac                HAL_ADC_Start
 .text.HAL_ADC_Stop
                0x0000000008003c48       0x68 Drivers/STM32F7xx_HAL_Driver/stm32f7xx_hal_adc.o
                0x0000000008003c48                HAL_ADC_Stop
 .text.HAL_ADC_PollForConversion
                0x0000000008003cb0      0x116 Drivers/STM32F7xx_HAL_Driver/stm32f7xx_hal_adc.o
                0x0000000008003cb0                HAL_ADC_PollForConversion
 .text.HAL_ADC_GetValue
                0x0000000008003dc6       0x1a Drivers/STM32F7xx_HAL_Driver/stm32f7xx_hal_adc.o
                0x0000000008003dc6                HAL_ADC_GetValue
 .text.HAL_ADC_ConfigChannel
                0x0000000008003de0      0x294 Drivers/STM32F7xx_HAL_Driver/stm32f7xx_hal_adc.o
                0x0000000008003de0                HAL_ADC_ConfigChannel
 .text.ADC_Init
                0x0000000008004074      0x1f4 Drivers/STM32F7xx_HAL_Driver/stm32f7xx_hal_adc.o
 .text.__NVIC_SetPriorityGrouping
                0x0000000008004268       0x48 Drivers/STM32F7xx_HAL_Driver/stm32f7xx_hal_cortex.o
 .text.__NVIC_GetPriorityGrouping
                0x00000000080042b0       0x1c Drivers/STM32F7xx_HAL_Driver/stm32f7xx_hal_cortex.o
 .text.__NVIC_SetPriority
                0x00000000080042cc       0x54 Drivers/STM32F7xx_HAL_Driver/stm32f7xx_hal_cortex.o
 .text.NVIC_EncodePriority
                0x0000000008004320       0x66 Drivers/STM32F7xx_HAL_Driver/stm32f7xx_hal_cortex.o
 *fill*         0x0000000008004386        0x2 
 .text.SysTick_Config
                0x0000000008004388       0x44 Drivers/STM32F7xx_HAL_Driver/stm32f7xx_hal_cortex.o
 .text.HAL_NVIC_SetPriorityGrouping
                0x00000000080043cc       0x16 Drivers/STM32F7xx_HAL_Driver/stm32f7xx_hal_cortex.o
                0x00000000080043cc                HAL_NVIC_SetPriorityGrouping
 .text.HAL_NVIC_SetPriority
                0x00000000080043e2       0x38 Drivers/STM32F7xx_HAL_Driver/stm32f7xx_hal_cortex.o
                0x00000000080043e2                HAL_NVIC_SetPriority
 .text.HAL_SYSTICK_Config
                0x000000000800441a       0x18 Drivers/STM32F7xx_HAL_Driver/stm32f7xx_hal_cortex.o
                0x000000000800441a                HAL_SYSTICK_Config
 *fill*         0x0000000008004432        0x2 
 .text.HAL_GPIO_Init
                0x0000000008004434      0x354 Drivers/STM32F7xx_HAL_Driver/stm32f7xx_hal_gpio.o
                0x0000000008004434                HAL_GPIO_Init
 .text.HAL_GPIO_ReadPin
                0x0000000008004788       0x30 Drivers/STM32F7xx_HAL_Driver/stm32f7xx_hal_gpio.o
                0x0000000008004788                HAL_GPIO_ReadPin
 .text.HAL_GPIO_WritePin
                0x00000000080047b8       0x32 Drivers/STM32F7xx_HAL_Driver/stm32f7xx_hal_gpio.o
                0x00000000080047b8                HAL_GPIO_WritePin
 *fill*         0x00000000080047ea        0x2 
 .text.HAL_PWREx_EnableOverDrive
                0x00000000080047ec       0xa0 Drivers/STM32F7xx_HAL_Driver/stm32f7xx_hal_pwr_ex.o
                0x00000000080047ec                HAL_PWREx_EnableOverDrive
 .text.HAL_RCC_OscConfig
                0x000000000800488c      0x55c Drivers/STM32F7xx_HAL_Driver/stm32f7xx_hal_rcc.o
                0x000000000800488c                HAL_RCC_OscConfig
 .text.HAL_RCC_ClockConfig
                0x0000000008004de8      0x1d8 Drivers/STM32F7xx_HAL_Driver/stm32f7xx_hal_rcc.o
                0x0000000008004de8                HAL_RCC_ClockConfig
 .text.HAL_RCC_GetSysClockFreq
                0x0000000008004fc0      0x1ac Drivers/STM32F7xx_HAL_Driver/stm32f7xx_hal_rcc.o
                0x0000000008004fc0                HAL_RCC_GetSysClockFreq
 .text.HAL_SPI_Init
                0x000000000800516c      0x156 Drivers/STM32F7xx_HAL_Driver/stm32f7xx_hal_spi.o
                0x000000000800516c                HAL_SPI_Init
 .text.HAL_SPI_Transmit
                0x00000000080052c2      0x2dc Drivers/STM32F7xx_HAL_Driver/stm32f7xx_hal_spi.o
                0x00000000080052c2                HAL_SPI_Transmit
 *fill*         0x000000000800559e        0x2 
 .text.SPI_WaitFlagStateUntilTimeout
                0x00000000080055a0      0x110 Drivers/STM32F7xx_HAL_Driver/stm32f7xx_hal_spi.o
 .text.SPI_WaitFifoStateUntilTimeout
                0x00000000080056b0      0x124 Drivers/STM32F7xx_HAL_Driver/stm32f7xx_hal_spi.o
 .text.SPI_EndRxTxTransaction
                0x00000000080057d4       0x8c Drivers/STM32F7xx_HAL_Driver/stm32f7xx_hal_spi.o
 .text.__errno  0x0000000008005860        0xc c:/st/stm32cubeide_1.4.0/stm32cubeide/plugins/com.st.stm32cube.ide.mcu.externaltools.gnu-tools-for-stm32.7-2018-q2-update.win32_1.5.0.202011040924/tools/bin/../lib/gcc/arm-none-eabi/7.3.1/../../../../arm-none-eabi/lib/thumb/v7e-m/fpv5/hard\libc_nano.a(lib_a-errno.o)
                0x0000000008005860                __errno
 .text.__libc_init_array
                0x000000000800586c       0x48 c:/st/stm32cubeide_1.4.0/stm32cubeide/plugins/com.st.stm32cube.ide.mcu.externaltools.gnu-tools-for-stm32.7-2018-q2-update.win32_1.5.0.202011040924/tools/bin/../lib/gcc/arm-none-eabi/7.3.1/../../../../arm-none-eabi/lib/thumb/v7e-m/fpv5/hard\libc_nano.a(lib_a-init.o)
                0x000000000800586c                __libc_init_array
 .text.memcpy   0x00000000080058b4       0x16 c:/st/stm32cubeide_1.4.0/stm32cubeide/plugins/com.st.stm32cube.ide.mcu.externaltools.gnu-tools-for-stm32.7-2018-q2-update.win32_1.5.0.202011040924/tools/bin/../lib/gcc/arm-none-eabi/7.3.1/../../../../arm-none-eabi/lib/thumb/v7e-m/fpv5/hard\libc_nano.a(lib_a-memcpy-stub.o)
                0x00000000080058b4                memcpy
 .text.memset   0x00000000080058ca       0x10 c:/st/stm32cubeide_1.4.0/stm32cubeide/plugins/com.st.stm32cube.ide.mcu.externaltools.gnu-tools-for-stm32.7-2018-q2-update.win32_1.5.0.202011040924/tools/bin/../lib/gcc/arm-none-eabi/7.3.1/../../../../arm-none-eabi/lib/thumb/v7e-m/fpv5/hard\libc_nano.a(lib_a-memset.o)
                0x00000000080058ca                memset
 *fill*         0x00000000080058da        0x2 
 .text.rand     0x00000000080058dc       0x68 c:/st/stm32cubeide_1.4.0/stm32cubeide/plugins/com.st.stm32cube.ide.mcu.externaltools.gnu-tools-for-stm32.7-2018-q2-update.win32_1.5.0.202011040924/tools/bin/../lib/gcc/arm-none-eabi/7.3.1/../../../../arm-none-eabi/lib/thumb/v7e-m/fpv5/hard\libc_nano.a(lib_a-rand.o)
                0x00000000080058dc                rand
 .text.sprintf  0x0000000008005944       0x40 c:/st/stm32cubeide_1.4.0/stm32cubeide/plugins/com.st.stm32cube.ide.mcu.externaltools.gnu-tools-for-stm32.7-2018-q2-update.win32_1.5.0.202011040924/tools/bin/../lib/gcc/arm-none-eabi/7.3.1/../../../../arm-none-eabi/lib/thumb/v7e-m/fpv5/hard\libc_nano.a(lib_a-sprintf.o)
                0x0000000008005944                siprintf
                0x0000000008005944                sprintf
 .text.malloc   0x0000000008005984       0x10 c:/st/stm32cubeide_1.4.0/stm32cubeide/plugins/com.st.stm32cube.ide.mcu.externaltools.gnu-tools-for-stm32.7-2018-q2-update.win32_1.5.0.202011040924/tools/bin/../lib/gcc/arm-none-eabi/7.3.1/../../../../arm-none-eabi/lib/thumb/v7e-m/fpv5/hard\libc_nano.a(lib_a-malloc.o)
                0x0000000008005984                malloc
 .text._free_r  0x0000000008005994       0x9c c:/st/stm32cubeide_1.4.0/stm32cubeide/plugins/com.st.stm32cube.ide.mcu.externaltools.gnu-tools-for-stm32.7-2018-q2-update.win32_1.5.0.202011040924/tools/bin/../lib/gcc/arm-none-eabi/7.3.1/../../../../arm-none-eabi/lib/thumb/v7e-m/fpv5/hard\libc_nano.a(lib_a-nano-freer.o)
                0x0000000008005994                _free_r
 .text._malloc_r
                0x0000000008005a30       0xb4 c:/st/stm32cubeide_1.4.0/stm32cubeide/plugins/com.st.stm32cube.ide.mcu.externaltools.gnu-tools-for-stm32.7-2018-q2-update.win32_1.5.0.202011040924/tools/bin/../lib/gcc/arm-none-eabi/7.3.1/../../../../arm-none-eabi/lib/thumb/v7e-m/fpv5/hard\libc_nano.a(lib_a-nano-mallocr.o)
                0x0000000008005a30                _malloc_r
 .text.__ssputs_r
                0x0000000008005ae4       0xb4 c:/st/stm32cubeide_1.4.0/stm32cubeide/plugins/com.st.stm32cube.ide.mcu.externaltools.gnu-tools-for-stm32.7-2018-q2-update.win32_1.5.0.202011040924/tools/bin/../lib/gcc/arm-none-eabi/7.3.1/../../../../arm-none-eabi/lib/thumb/v7e-m/fpv5/hard\libc_nano.a(lib_a-nano-svfprintf.o)
                0x0000000008005ae4                __ssputs_r
 .text._svfprintf_r
                0x0000000008005b98      0x1f0 c:/st/stm32cubeide_1.4.0/stm32cubeide/plugins/com.st.stm32cube.ide.mcu.externaltools.gnu-tools-for-stm32.7-2018-q2-update.win32_1.5.0.202011040924/tools/bin/../lib/gcc/arm-none-eabi/7.3.1/../../../../arm-none-eabi/lib/thumb/v7e-m/fpv5/hard\libc_nano.a(lib_a-nano-svfprintf.o)
                0x0000000008005b98                _svfiprintf_r
                0x0000000008005b98                _svfprintf_r
 .text._printf_common
                0x0000000008005d88       0xea c:/st/stm32cubeide_1.4.0/stm32cubeide/plugins/com.st.stm32cube.ide.mcu.externaltools.gnu-tools-for-stm32.7-2018-q2-update.win32_1.5.0.202011040924/tools/bin/../lib/gcc/arm-none-eabi/7.3.1/../../../../arm-none-eabi/lib/thumb/v7e-m/fpv5/hard\libc_nano.a(lib_a-nano-vfprintf_i.o)
                0x0000000008005d88                _printf_common
 *fill*         0x0000000008005e72        0x2 
 .text._printf_i
                0x0000000008005e74      0x224 c:/st/stm32cubeide_1.4.0/stm32cubeide/plugins/com.st.stm32cube.ide.mcu.externaltools.gnu-tools-for-stm32.7-2018-q2-update.win32_1.5.0.202011040924/tools/bin/../lib/gcc/arm-none-eabi/7.3.1/../../../../arm-none-eabi/lib/thumb/v7e-m/fpv5/hard\libc_nano.a(lib_a-nano-vfprintf_i.o)
                0x0000000008005e74                _printf_i
 .text._sbrk_r  0x0000000008006098       0x20 c:/st/stm32cubeide_1.4.0/stm32cubeide/plugins/com.st.stm32cube.ide.mcu.externaltools.gnu-tools-for-stm32.7-2018-q2-update.win32_1.5.0.202011040924/tools/bin/../lib/gcc/arm-none-eabi/7.3.1/../../../../arm-none-eabi/lib/thumb/v7e-m/fpv5/hard\libc_nano.a(lib_a-sbrkr.o)
                0x0000000008006098                _sbrk_r
 .text.memmove  0x00000000080060b8       0x32 c:/st/stm32cubeide_1.4.0/stm32cubeide/plugins/com.st.stm32cube.ide.mcu.externaltools.gnu-tools-for-stm32.7-2018-q2-update.win32_1.5.0.202011040924/tools/bin/../lib/gcc/arm-none-eabi/7.3.1/../../../../arm-none-eabi/lib/thumb/v7e-m/fpv5/hard\libc_nano.a(lib_a-memmove.o)
                0x00000000080060b8                memmove
 .text.__malloc_lock
                0x00000000080060ea        0x2 c:/st/stm32cubeide_1.4.0/stm32cubeide/plugins/com.st.stm32cube.ide.mcu.externaltools.gnu-tools-for-stm32.7-2018-q2-update.win32_1.5.0.202011040924/tools/bin/../lib/gcc/arm-none-eabi/7.3.1/../../../../arm-none-eabi/lib/thumb/v7e-m/fpv5/hard\libc_nano.a(lib_a-mlock.o)
                0x00000000080060ea                __malloc_lock
 .text.__malloc_unlock
                0x00000000080060ec        0x2 c:/st/stm32cubeide_1.4.0/stm32cubeide/plugins/com.st.stm32cube.ide.mcu.externaltools.gnu-tools-for-stm32.7-2018-q2-update.win32_1.5.0.202011040924/tools/bin/../lib/gcc/arm-none-eabi/7.3.1/../../../../arm-none-eabi/lib/thumb/v7e-m/fpv5/hard\libc_nano.a(lib_a-mlock.o)
                0x00000000080060ec                __malloc_unlock
 .text._realloc_r
                0x00000000080060ee       0x4c c:/st/stm32cubeide_1.4.0/stm32cubeide/plugins/com.st.stm32cube.ide.mcu.externaltools.gnu-tools-for-stm32.7-2018-q2-update.win32_1.5.0.202011040924/tools/bin/../lib/gcc/arm-none-eabi/7.3.1/../../../../arm-none-eabi/lib/thumb/v7e-m/fpv5/hard\libc_nano.a(lib_a-nano-reallocr.o)
                0x00000000080060ee                _realloc_r
 .text._malloc_usable_size_r
                0x000000000800613a       0x10 c:/st/stm32cubeide_1.4.0/stm32cubeide/plugins/com.st.stm32cube.ide.mcu.externaltools.gnu-tools-for-stm32.7-2018-q2-update.win32_1.5.0.202011040924/tools/bin/../lib/gcc/arm-none-eabi/7.3.1/../../../../arm-none-eabi/lib/thumb/v7e-m/fpv5/hard\libc_nano.a(lib_a-nano-msizer.o)
                0x000000000800613a                _malloc_usable_size_r
 *(.glue_7)
 .glue_7        0x000000000800614a        0x0 linker stubs
 *(.glue_7t)
 .glue_7t       0x000000000800614a        0x0 linker stubs
 *(.eh_frame)
 *fill*         0x000000000800614a        0x2 
 .eh_frame      0x000000000800614c        0x0 c:/st/stm32cubeide_1.4.0/stm32cubeide/plugins/com.st.stm32cube.ide.mcu.externaltools.gnu-tools-for-stm32.7-2018-q2-update.win32_1.5.0.202011040924/tools/bin/../lib/gcc/arm-none-eabi/7.3.1/thumb/v7e-m/fpv5/hard/crtbegin.o
 *(.init)
 .init          0x000000000800614c        0x4 c:/st/stm32cubeide_1.4.0/stm32cubeide/plugins/com.st.stm32cube.ide.mcu.externaltools.gnu-tools-for-stm32.7-2018-q2-update.win32_1.5.0.202011040924/tools/bin/../lib/gcc/arm-none-eabi/7.3.1/thumb/v7e-m/fpv5/hard/crti.o
                0x000000000800614c                _init
 .init          0x0000000008006150        0x8 c:/st/stm32cubeide_1.4.0/stm32cubeide/plugins/com.st.stm32cube.ide.mcu.externaltools.gnu-tools-for-stm32.7-2018-q2-update.win32_1.5.0.202011040924/tools/bin/../lib/gcc/arm-none-eabi/7.3.1/thumb/v7e-m/fpv5/hard/crtn.o
 *(.fini)
 .fini          0x0000000008006158        0x4 c:/st/stm32cubeide_1.4.0/stm32cubeide/plugins/com.st.stm32cube.ide.mcu.externaltools.gnu-tools-for-stm32.7-2018-q2-update.win32_1.5.0.202011040924/tools/bin/../lib/gcc/arm-none-eabi/7.3.1/thumb/v7e-m/fpv5/hard/crti.o
                0x0000000008006158                _fini
 .fini          0x000000000800615c        0x8 c:/st/stm32cubeide_1.4.0/stm32cubeide/plugins/com.st.stm32cube.ide.mcu.externaltools.gnu-tools-for-stm32.7-2018-q2-update.win32_1.5.0.202011040924/tools/bin/../lib/gcc/arm-none-eabi/7.3.1/thumb/v7e-m/fpv5/hard/crtn.o
                0x0000000008006164                . = ALIGN (0x4)
                0x0000000008006164                _etext = .

.vfp11_veneer   0x0000000008006164        0x0
 .vfp11_veneer  0x0000000008006164        0x0 linker stubs

.v4_bx          0x0000000008006164        0x0
 .v4_bx         0x0000000008006164        0x0 linker stubs

.iplt           0x0000000008006164        0x0
 .iplt          0x0000000008006164        0x0 c:/st/stm32cubeide_1.4.0/stm32cubeide/plugins/com.st.stm32cube.ide.mcu.externaltools.gnu-tools-for-stm32.7-2018-q2-update.win32_1.5.0.202011040924/tools/bin/../lib/gcc/arm-none-eabi/7.3.1/thumb/v7e-m/fpv5/hard/crtbegin.o

.rodata         0x0000000008006164     0x12e0
                0x0000000008006164                . = ALIGN (0x4)
 *(.rodata)
 .rodata        0x0000000008006164       0x66 Core/Src/game.o
 *fill*         0x00000000080061ca        0x2 
 .rodata        0x00000000080061cc       0x26 Core/Src/main.o
 *(.rodata*)
 *fill*         0x00000000080061f2        0x2 
 .rodata.Sprites8x8
                0x00000000080061f4       0x30 Core/Src/game.o
 .rodata.Sprites16x16
                0x0000000008006224      0x100 Core/Src/game.o
 .rodata.Sprites24x24
                0x0000000008006324      0x180 Core/Src/game.o
 .rodata.Sprites32x32
                0x00000000080064a4      0x200 Core/Src/game.o
 .rodata.Font7x10
                0x00000000080066a4      0x76c Core/Src/ssd1306_fonts.o
 .rodata.Font6x8
                0x0000000008006e10      0x5f0 Core/Src/ssd1306_fonts.o
 .rodata.AHBPrescTable
                0x0000000008007400       0x10 Core/Src/system_stm32f7xx.o
                0x0000000008007400                AHBPrescTable
 .rodata._svfprintf_r.str1.1
                0x0000000008007410       0x11 c:/st/stm32cubeide_1.4.0/stm32cubeide/plugins/com.st.stm32cube.ide.mcu.externaltools.gnu-tools-for-stm32.7-2018-q2-update.win32_1.5.0.202011040924/tools/bin/../lib/gcc/arm-none-eabi/7.3.1/../../../../arm-none-eabi/lib/thumb/v7e-m/fpv5/hard\libc_nano.a(lib_a-nano-svfprintf.o)
 .rodata._printf_i.str1.1
                0x0000000008007421       0x22 c:/st/stm32cubeide_1.4.0/stm32cubeide/plugins/com.st.stm32cube.ide.mcu.externaltools.gnu-tools-for-stm32.7-2018-q2-update.win32_1.5.0.202011040924/tools/bin/../lib/gcc/arm-none-eabi/7.3.1/../../../../arm-none-eabi/lib/thumb/v7e-m/fpv5/hard\libc_nano.a(lib_a-nano-vfprintf_i.o)
                0x0000000008007444                . = ALIGN (0x4)
 *fill*         0x0000000008007443        0x1 

.ARM.extab      0x0000000008007444        0x0
                0x0000000008007444                . = ALIGN (0x4)
 *(.ARM.extab* .gnu.linkonce.armextab.*)
                0x0000000008007444                . = ALIGN (0x4)

.ARM            0x0000000008007444        0x8
                0x0000000008007444                . = ALIGN (0x4)
                0x0000000008007444                __exidx_start = .
 *(.ARM.exidx*)
 .ARM.exidx     0x0000000008007444        0x8 c:/st/stm32cubeide_1.4.0/stm32cubeide/plugins/com.st.stm32cube.ide.mcu.externaltools.gnu-tools-for-stm32.7-2018-q2-update.win32_1.5.0.202011040924/tools/bin/../lib/gcc/arm-none-eabi/7.3.1/thumb/v7e-m/fpv5/hard\libgcc.a(_udivmoddi4.o)
                0x000000000800744c                __exidx_end = .
                0x000000000800744c                . = ALIGN (0x4)

.rel.dyn        0x000000000800744c        0x0
 .rel.iplt      0x000000000800744c        0x0 c:/st/stm32cubeide_1.4.0/stm32cubeide/plugins/com.st.stm32cube.ide.mcu.externaltools.gnu-tools-for-stm32.7-2018-q2-update.win32_1.5.0.202011040924/tools/bin/../lib/gcc/arm-none-eabi/7.3.1/thumb/v7e-m/fpv5/hard/crtbegin.o

.preinit_array  0x000000000800744c        0x0
                0x000000000800744c                . = ALIGN (0x4)
                0x000000000800744c                PROVIDE (__preinit_array_start = .)
 *(.preinit_array*)
                0x000000000800744c                PROVIDE (__preinit_array_end = .)
                0x000000000800744c                . = ALIGN (0x4)

.init_array     0x000000000800744c        0x4
                0x000000000800744c                . = ALIGN (0x4)
                0x000000000800744c                PROVIDE (__init_array_start = .)
 *(SORT_BY_NAME(.init_array.*))
 *(.init_array*)
 .init_array    0x000000000800744c        0x4 c:/st/stm32cubeide_1.4.0/stm32cubeide/plugins/com.st.stm32cube.ide.mcu.externaltools.gnu-tools-for-stm32.7-2018-q2-update.win32_1.5.0.202011040924/tools/bin/../lib/gcc/arm-none-eabi/7.3.1/thumb/v7e-m/fpv5/hard/crtbegin.o
                0x0000000008007450                PROVIDE (__init_array_end = .)
                0x0000000008007450                . = ALIGN (0x4)

.fini_array     0x0000000008007450        0x4
                0x0000000008007450                . = ALIGN (0x4)
                [!provide]                        PROVIDE (__fini_array_start = .)
 *(SORT_BY_NAME(.fini_array.*))
 *(.fini_array*)
 .fini_array    0x0000000008007450        0x4 c:/st/stm32cubeide_1.4.0/stm32cubeide/plugins/com.st.stm32cube.ide.mcu.externaltools.gnu-tools-for-stm32.7-2018-q2-update.win32_1.5.0.202011040924/tools/bin/../lib/gcc/arm-none-eabi/7.3.1/thumb/v7e-m/fpv5/hard/crtbegin.o
                [!provide]                        PROVIDE (__fini_array_end = .)
                0x0000000008007454                . = ALIGN (0x4)
                0x0000000008007454                _sidata = LOADADDR (.data)

.data           0x0000000020000000       0x80 load address 0x0000000008007454
                0x0000000020000000                . = ALIGN (0x4)
                0x0000000020000000                _sdata = .
 *(.data)
 *(.data*)
 .data.Font_6x8
                0x0000000020000000        0x8 Core/Src/ssd1306_fonts.o
                0x0000000020000000                Font_6x8
 .data.Font_7x10
                0x0000000020000008        0x8 Core/Src/ssd1306_fonts.o
                0x0000000020000008                Font_7x10
 .data.SystemCoreClock
                0x0000000020000010        0x4 Core/Src/system_stm32f7xx.o
                0x0000000020000010                SystemCoreClock
 .data.uwTickPrio
                0x0000000020000014        0x4 Drivers/STM32F7xx_HAL_Driver/stm32f7xx_hal.o
                0x0000000020000014                uwTickPrio
 .data.uwTickFreq
                0x0000000020000018        0x1 Drivers/STM32F7xx_HAL_Driver/stm32f7xx_hal.o
                0x0000000020000018                uwTickFreq
 *fill*         0x0000000020000019        0x3 
 .data._impure_ptr
                0x000000002000001c        0x4 c:/st/stm32cubeide_1.4.0/stm32cubeide/plugins/com.st.stm32cube.ide.mcu.externaltools.gnu-tools-for-stm32.7-2018-q2-update.win32_1.5.0.202011040924/tools/bin/../lib/gcc/arm-none-eabi/7.3.1/../../../../arm-none-eabi/lib/thumb/v7e-m/fpv5/hard\libc_nano.a(lib_a-impure.o)
                0x000000002000001c                _impure_ptr
 .data.impure_data
                0x0000000020000020       0x60 c:/st/stm32cubeide_1.4.0/stm32cubeide/plugins/com.st.stm32cube.ide.mcu.externaltools.gnu-tools-for-stm32.7-2018-q2-update.win32_1.5.0.202011040924/tools/bin/../lib/gcc/arm-none-eabi/7.3.1/../../../../arm-none-eabi/lib/thumb/v7e-m/fpv5/hard\libc_nano.a(lib_a-impure.o)
                0x0000000020000080                . = ALIGN (0x4)
                0x0000000020000080                _edata = .

.igot.plt       0x0000000020000080        0x0 load address 0x00000000080074d4
 .igot.plt      0x0000000020000080        0x0 c:/st/stm32cubeide_1.4.0/stm32cubeide/plugins/com.st.stm32cube.ide.mcu.externaltools.gnu-tools-for-stm32.7-2018-q2-update.win32_1.5.0.202011040924/tools/bin/../lib/gcc/arm-none-eabi/7.3.1/thumb/v7e-m/fpv5/hard/crtbegin.o
                0x0000000020000080                . = ALIGN (0x4)

.bss            0x0000000020000080      0x52c load address 0x00000000080074d4
                0x0000000020000080                _sbss = .
                0x0000000020000080                __bss_start__ = _sbss
 *(.bss)
 .bss           0x0000000020000080       0x1c c:/st/stm32cubeide_1.4.0/stm32cubeide/plugins/com.st.stm32cube.ide.mcu.externaltools.gnu-tools-for-stm32.7-2018-q2-update.win32_1.5.0.202011040924/tools/bin/../lib/gcc/arm-none-eabi/7.3.1/thumb/v7e-m/fpv5/hard/crtbegin.o
 *(.bss*)
 .bss.SSD1306_Buffer
                0x000000002000009c      0x400 Core/Src/ssd1306.o
 .bss.SSD1306   0x000000002000049c        0x8 Core/Src/ssd1306.o
 .bss.__sbrk_heap_end
                0x00000000200004a4        0x4 Core/Src/sysmem.o
 .bss.__malloc_free_list
                0x00000000200004a8        0x4 c:/st/stm32cubeide_1.4.0/stm32cubeide/plugins/com.st.stm32cube.ide.mcu.externaltools.gnu-tools-for-stm32.7-2018-q2-update.win32_1.5.0.202011040924/tools/bin/../lib/gcc/arm-none-eabi/7.3.1/../../../../arm-none-eabi/lib/thumb/v7e-m/fpv5/hard\libc_nano.a(lib_a-nano-mallocr.o)
                0x00000000200004a8                __malloc_free_list
 .bss.__malloc_sbrk_start
                0x00000000200004ac        0x4 c:/st/stm32cubeide_1.4.0/stm32cubeide/plugins/com.st.stm32cube.ide.mcu.externaltools.gnu-tools-for-stm32.7-2018-q2-update.win32_1.5.0.202011040924/tools/bin/../lib/gcc/arm-none-eabi/7.3.1/../../../../arm-none-eabi/lib/thumb/v7e-m/fpv5/hard\libc_nano.a(lib_a-nano-mallocr.o)
                0x00000000200004ac                __malloc_sbrk_start
 *(COMMON)
 COMMON         0x00000000200004b0       0x90 Core/Src/adc.o
                0x00000000200004b0                hadc1
                0x00000000200004f8                hadc3
 COMMON         0x0000000020000540       0x64 Core/Src/spi.o
                0x0000000020000540                hspi1
 COMMON         0x00000000200005a4        0x4 Drivers/STM32F7xx_HAL_Driver/stm32f7xx_hal.o
                0x00000000200005a4                uwTick
 COMMON         0x00000000200005a8        0x4 c:/st/stm32cubeide_1.4.0/stm32cubeide/plugins/com.st.stm32cube.ide.mcu.externaltools.gnu-tools-for-stm32.7-2018-q2-update.win32_1.5.0.202011040924/tools/bin/../lib/gcc/arm-none-eabi/7.3.1/../../../../arm-none-eabi/lib/thumb/v7e-m/fpv5/hard\libc_nano.a(lib_a-reent.o)
                0x00000000200005a8                errno
                0x00000000200005ac                . = ALIGN (0x4)
                0x00000000200005ac                _ebss = .
                0x00000000200005ac                __bss_end__ = _ebss

._user_heap_stack
                0x00000000200005ac     0x1e04 load address 0x00000000080074d4
                0x00000000200005b0                . = ALIGN (0x8)
 *fill*         0x00000000200005ac        0x4 
                [!provide]                        PROVIDE (end = .)
                0x00000000200005b0                PROVIDE (_end = .)
                0x0000000020000db0                . = (. + _Min_Heap_Size)
 *fill*         0x00000000200005b0      0x800 
                0x00000000200023b0                . = (. + _Min_Stack_Size)
 *fill*         0x0000000020000db0     0x1600 
                0x00000000200023b0                . = ALIGN (0x8)

/DISCARD/
 libc.a(*)
 libm.a(*)
 libgcc.a(*)

.ARM.attributes
                0x0000000000000000       0x2e
 *(.ARM.attributes)
 .ARM.attributes
                0x0000000000000000       0x20 c:/st/stm32cubeide_1.4.0/stm32cubeide/plugins/com.st.stm32cube.ide.mcu.externaltools.gnu-tools-for-stm32.7-2018-q2-update.win32_1.5.0.202011040924/tools/bin/../lib/gcc/arm-none-eabi/7.3.1/thumb/v7e-m/fpv5/hard/crti.o
 .ARM.attributes
                0x0000000000000020       0x32 c:/st/stm32cubeide_1.4.0/stm32cubeide/plugins/com.st.stm32cube.ide.mcu.externaltools.gnu-tools-for-stm32.7-2018-q2-update.win32_1.5.0.202011040924/tools/bin/../lib/gcc/arm-none-eabi/7.3.1/thumb/v7e-m/fpv5/hard/crtbegin.o
 .ARM.attributes
                0x0000000000000052       0x37 Core/Src/adc.o
 .ARM.attributes
                0x0000000000000089       0x37 Core/Src/game.o
 .ARM.attributes
                0x00000000000000c0       0x37 Core/Src/gpio.o
 .ARM.attributes
                0x00000000000000f7       0x37 Core/Src/main.o
 .ARM.attributes
                0x000000000000012e       0x37 Core/Src/spi.o
 .ARM.attributes
                0x0000000000000165       0x37 Core/Src/ssd1306.o
 .ARM.attributes
                0x000000000000019c       0x37 Core/Src/ssd1306_fonts.o
 .ARM.attributes
                0x00000000000001d3       0x37 Core/Src/stm32f7xx_hal_msp.o
 .ARM.attributes
                0x000000000000020a       0x37 Core/Src/stm32f7xx_it.o
 .ARM.attributes
                0x0000000000000241       0x37 Core/Src/sysmem.o
 .ARM.attributes
                0x0000000000000278       0x37 Core/Src/system_stm32f7xx.o
 .ARM.attributes
                0x00000000000002af       0x21 Core/Startup/startup_stm32f767zitx.o
 .ARM.attributes
                0x00000000000002d0       0x37 Drivers/STM32F7xx_HAL_Driver/stm32f7xx_hal.o
 .ARM.attributes
                0x0000000000000307       0x37 Drivers/STM32F7xx_HAL_Driver/stm32f7xx_hal_adc.o
 .ARM.attributes
                0x000000000000033e       0x37 Drivers/STM32F7xx_HAL_Driver/stm32f7xx_hal_cortex.o
 .ARM.attributes
                0x0000000000000375       0x37 Drivers/STM32F7xx_HAL_Driver/stm32f7xx_hal_gpio.o
 .ARM.attributes
                0x00000000000003ac       0x37 Drivers/STM32F7xx_HAL_Driver/stm32f7xx_hal_pwr_ex.o
 .ARM.attributes
                0x00000000000003e3       0x37 Drivers/STM32F7xx_HAL_Driver/stm32f7xx_hal_rcc.o
 .ARM.attributes
                0x000000000000041a       0x37 Drivers/STM32F7xx_HAL_Driver/stm32f7xx_hal_spi.o
 .ARM.attributes
                0x0000000000000451       0x32 c:/st/stm32cubeide_1.4.0/stm32cubeide/plugins/com.st.stm32cube.ide.mcu.externaltools.gnu-tools-for-stm32.7-2018-q2-update.win32_1.5.0.202011040924/tools/bin/../lib/gcc/arm-none-eabi/7.3.1/../../../../arm-none-eabi/lib/thumb/v7e-m/fpv5/hard\libc_nano.a(lib_a-errno.o)
 .ARM.attributes
                0x0000000000000483       0x32 c:/st/stm32cubeide_1.4.0/stm32cubeide/plugins/com.st.stm32cube.ide.mcu.externaltools.gnu-tools-for-stm32.7-2018-q2-update.win32_1.5.0.202011040924/tools/bin/../lib/gcc/arm-none-eabi/7.3.1/../../../../arm-none-eabi/lib/thumb/v7e-m/fpv5/hard\libc_nano.a(lib_a-impure.o)
 .ARM.attributes
                0x00000000000004b5       0x32 c:/st/stm32cubeide_1.4.0/stm32cubeide/plugins/com.st.stm32cube.ide.mcu.externaltools.gnu-tools-for-stm32.7-2018-q2-update.win32_1.5.0.202011040924/tools/bin/../lib/gcc/arm-none-eabi/7.3.1/../../../../arm-none-eabi/lib/thumb/v7e-m/fpv5/hard\libc_nano.a(lib_a-init.o)
 .ARM.attributes
                0x00000000000004e7       0x32 c:/st/stm32cubeide_1.4.0/stm32cubeide/plugins/com.st.stm32cube.ide.mcu.externaltools.gnu-tools-for-stm32.7-2018-q2-update.win32_1.5.0.202011040924/tools/bin/../lib/gcc/arm-none-eabi/7.3.1/../../../../arm-none-eabi/lib/thumb/v7e-m/fpv5/hard\libc_nano.a(lib_a-memcpy-stub.o)
 .ARM.attributes
                0x0000000000000519       0x32 c:/st/stm32cubeide_1.4.0/stm32cubeide/plugins/com.st.stm32cube.ide.mcu.externaltools.gnu-tools-for-stm32.7-2018-q2-update.win32_1.5.0.202011040924/tools/bin/../lib/gcc/arm-none-eabi/7.3.1/../../../../arm-none-eabi/lib/thumb/v7e-m/fpv5/hard\libc_nano.a(lib_a-memset.o)
 .ARM.attributes
                0x000000000000054b       0x32 c:/st/stm32cubeide_1.4.0/stm32cubeide/plugins/com.st.stm32cube.ide.mcu.externaltools.gnu-tools-for-stm32.7-2018-q2-update.win32_1.5.0.202011040924/tools/bin/../lib/gcc/arm-none-eabi/7.3.1/../../../../arm-none-eabi/lib/thumb/v7e-m/fpv5/hard\libc_nano.a(lib_a-rand.o)
 .ARM.attributes
                0x000000000000057d       0x32 c:/st/stm32cubeide_1.4.0/stm32cubeide/plugins/com.st.stm32cube.ide.mcu.externaltools.gnu-tools-for-stm32.7-2018-q2-update.win32_1.5.0.202011040924/tools/bin/../lib/gcc/arm-none-eabi/7.3.1/../../../../arm-none-eabi/lib/thumb/v7e-m/fpv5/hard\libc_nano.a(lib_a-sprintf.o)
 .ARM.attributes
                0x00000000000005af       0x32 c:/st/stm32cubeide_1.4.0/stm32cubeide/plugins/com.st.stm32cube.ide.mcu.externaltools.gnu-tools-for-stm32.7-2018-q2-update.win32_1.5.0.202011040924/tools/bin/../lib/gcc/arm-none-eabi/7.3.1/../../../../arm-none-eabi/lib/thumb/v7e-m/fpv5/hard\libc_nano.a(lib_a-malloc.o)
 .ARM.attributes
                0x00000000000005e1       0x32 c:/st/stm32cubeide_1.4.0/stm32cubeide/plugins/com.st.stm32cube.ide.mcu.externaltools.gnu-tools-for-stm32.7-2018-q2-update.win32_1.5.0.202011040924/tools/bin/../lib/gcc/arm-none-eabi/7.3.1/../../../../arm-none-eabi/lib/thumb/v7e-m/fpv5/hard\libc_nano.a(lib_a-nano-freer.o)
 .ARM.attributes
                0x0000000000000613       0x32 c:/st/stm32cubeide_1.4.0/stm32cubeide/plugins/com.st.stm32cube.ide.mcu.externaltools.gnu-tools-for-stm32.7-2018-q2-update.win32_1.5.0.202011040924/tools/bin/../lib/gcc/arm-none-eabi/7.3.1/../../../../arm-none-eabi/lib/thumb/v7e-m/fpv5/hard\libc_nano.a(lib_a-nano-mallocr.o)
 .ARM.attributes
                0x0000000000000645       0x32 c:/st/stm32cubeide_1.4.0/stm32cubeide/plugins/com.st.stm32cube.ide.mcu.externaltools.gnu-tools-for-stm32.7-2018-q2-update.win32_1.5.0.202011040924/tools/bin/../lib/gcc/arm-none-eabi/7.3.1/../../../../arm-none-eabi/lib/thumb/v7e-m/fpv5/hard\libc_nano.a(lib_a-nano-svfprintf.o)
 .ARM.attributes
                0x0000000000000677       0x32 c:/st/stm32cubeide_1.4.0/stm32cubeide/plugins/com.st.stm32cube.ide.mcu.externaltools.gnu-tools-for-stm32.7-2018-q2-update.win32_1.5.0.202011040924/tools/bin/../lib/gcc/arm-none-eabi/7.3.1/../../../../arm-none-eabi/lib/thumb/v7e-m/fpv5/hard\libc_nano.a(lib_a-nano-vfprintf_i.o)
 .ARM.attributes
                0x00000000000006a9       0x32 c:/st/stm32cubeide_1.4.0/stm32cubeide/plugins/com.st.stm32cube.ide.mcu.externaltools.gnu-tools-for-stm32.7-2018-q2-update.win32_1.5.0.202011040924/tools/bin/../lib/gcc/arm-none-eabi/7.3.1/../../../../arm-none-eabi/lib/thumb/v7e-m/fpv5/hard\libc_nano.a(lib_a-sbrkr.o)
 .ARM.attributes
                0x00000000000006db       0x1e c:/st/stm32cubeide_1.4.0/stm32cubeide/plugins/com.st.stm32cube.ide.mcu.externaltools.gnu-tools-for-stm32.7-2018-q2-update.win32_1.5.0.202011040924/tools/bin/../lib/gcc/arm-none-eabi/7.3.1/../../../../arm-none-eabi/lib/thumb/v7e-m/fpv5/hard\libc_nano.a(lib_a-memchr.o)
 .ARM.attributes
                0x00000000000006f9       0x32 c:/st/stm32cubeide_1.4.0/stm32cubeide/plugins/com.st.stm32cube.ide.mcu.externaltools.gnu-tools-for-stm32.7-2018-q2-update.win32_1.5.0.202011040924/tools/bin/../lib/gcc/arm-none-eabi/7.3.1/../../../../arm-none-eabi/lib/thumb/v7e-m/fpv5/hard\libc_nano.a(lib_a-memmove.o)
 .ARM.attributes
                0x000000000000072b       0x32 c:/st/stm32cubeide_1.4.0/stm32cubeide/plugins/com.st.stm32cube.ide.mcu.externaltools.gnu-tools-for-stm32.7-2018-q2-update.win32_1.5.0.202011040924/tools/bin/../lib/gcc/arm-none-eabi/7.3.1/../../../../arm-none-eabi/lib/thumb/v7e-m/fpv5/hard\libc_nano.a(lib_a-mlock.o)
 .ARM.attributes
                0x000000000000075d       0x32 c:/st/stm32cubeide_1.4.0/stm32cubeide/plugins/com.st.stm32cube.ide.mcu.externaltools.gnu-tools-for-stm32.7-2018-q2-update.win32_1.5.0.202011040924/tools/bin/../lib/gcc/arm-none-eabi/7.3.1/../../../../arm-none-eabi/lib/thumb/v7e-m/fpv5/hard\libc_nano.a(lib_a-nano-reallocr.o)
 .ARM.attributes
                0x000000000000078f       0x32 c:/st/stm32cubeide_1.4.0/stm32cubeide/plugins/com.st.stm32cube.ide.mcu.externaltools.gnu-tools-for-stm32.7-2018-q2-update.win32_1.5.0.202011040924/tools/bin/../lib/gcc/arm-none-eabi/7.3.1/../../../../arm-none-eabi/lib/thumb/v7e-m/fpv5/hard\libc_nano.a(lib_a-reent.o)
 .ARM.attributes
                0x00000000000007c1       0x32 c:/st/stm32cubeide_1.4.0/stm32cubeide/plugins/com.st.stm32cube.ide.mcu.externaltools.gnu-tools-for-stm32.7-2018-q2-update.win32_1.5.0.202011040924/tools/bin/../lib/gcc/arm-none-eabi/7.3.1/../../../../arm-none-eabi/lib/thumb/v7e-m/fpv5/hard\libc_nano.a(lib_a-nano-msizer.o)
 .ARM.attributes
                0x00000000000007f3       0x20 c:/st/stm32cubeide_1.4.0/stm32cubeide/plugins/com.st.stm32cube.ide.mcu.externaltools.gnu-tools-for-stm32.7-2018-q2-update.win32_1.5.0.202011040924/tools/bin/../lib/gcc/arm-none-eabi/7.3.1/thumb/v7e-m/fpv5/hard\libgcc.a(_aeabi_uldivmod.o)
 .ARM.attributes
                0x0000000000000813       0x32 c:/st/stm32cubeide_1.4.0/stm32cubeide/plugins/com.st.stm32cube.ide.mcu.externaltools.gnu-tools-for-stm32.7-2018-q2-update.win32_1.5.0.202011040924/tools/bin/../lib/gcc/arm-none-eabi/7.3.1/thumb/v7e-m/fpv5/hard\libgcc.a(_udivmoddi4.o)
 .ARM.attributes
                0x0000000000000845       0x20 c:/st/stm32cubeide_1.4.0/stm32cubeide/plugins/com.st.stm32cube.ide.mcu.externaltools.gnu-tools-for-stm32.7-2018-q2-update.win32_1.5.0.202011040924/tools/bin/../lib/gcc/arm-none-eabi/7.3.1/thumb/v7e-m/fpv5/hard\libgcc.a(_dvmd_tls.o)
 .ARM.attributes
                0x0000000000000865       0x20 c:/st/stm32cubeide_1.4.0/stm32cubeide/plugins/com.st.stm32cube.ide.mcu.externaltools.gnu-tools-for-stm32.7-2018-q2-update.win32_1.5.0.202011040924/tools/bin/../lib/gcc/arm-none-eabi/7.3.1/thumb/v7e-m/fpv5/hard/crtn.o
OUTPUT(ADC_Test.elf elf32-littlearm)

.debug_info     0x0000000000000000     0xdf53
 .debug_info    0x0000000000000000      0xa7b Core/Src/adc.o
 .debug_info    0x0000000000000a7b     0x20b9 Core/Src/game.o
 .debug_info    0x0000000000002b34      0x4ef Core/Src/gpio.o
 .debug_info    0x0000000000003023     0x1991 Core/Src/main.o
 .debug_info    0x00000000000049b4      0xa02 Core/Src/spi.o
 .debug_info    0x00000000000053b6     0x1a0e Core/Src/ssd1306.o
 .debug_info    0x0000000000006dc4      0x1dd Core/Src/ssd1306_fonts.o
 .debug_info    0x0000000000006fa1      0x389 Core/Src/stm32f7xx_hal_msp.o
 .debug_info    0x000000000000732a      0x20a Core/Src/stm32f7xx_it.o
 .debug_info    0x0000000000007534      0x985 Core/Src/sysmem.o
 .debug_info    0x0000000000007eb9      0x73d Core/Src/system_stm32f7xx.o
 .debug_info    0x00000000000085f6       0x22 Core/Startup/startup_stm32f767zitx.o
 .debug_info    0x0000000000008618      0xa46 Drivers/STM32F7xx_HAL_Driver/stm32f7xx_hal.o
 .debug_info    0x000000000000905e      0xc9d Drivers/STM32F7xx_HAL_Driver/stm32f7xx_hal_adc.o
 .debug_info    0x0000000000009cfb     0x108c Drivers/STM32F7xx_HAL_Driver/stm32f7xx_hal_cortex.o
 .debug_info    0x000000000000ad87      0x7f8 Drivers/STM32F7xx_HAL_Driver/stm32f7xx_hal_gpio.o
 .debug_info    0x000000000000b57f      0x96b Drivers/STM32F7xx_HAL_Driver/stm32f7xx_hal_pwr_ex.o
 .debug_info    0x000000000000beea      0x996 Drivers/STM32F7xx_HAL_Driver/stm32f7xx_hal_rcc.o
 .debug_info    0x000000000000c880     0x16d3 Drivers/STM32F7xx_HAL_Driver/stm32f7xx_hal_spi.o

.debug_abbrev   0x0000000000000000     0x2158
 .debug_abbrev  0x0000000000000000      0x199 Core/Src/adc.o
 .debug_abbrev  0x0000000000000199      0x32f Core/Src/game.o
 .debug_abbrev  0x00000000000004c8      0x134 Core/Src/gpio.o
 .debug_abbrev  0x00000000000005fc      0x25f Core/Src/main.o
 .debug_abbrev  0x000000000000085b      0x199 Core/Src/spi.o
 .debug_abbrev  0x00000000000009f4      0x31a Core/Src/ssd1306.o
 .debug_abbrev  0x0000000000000d0e       0xb0 Core/Src/ssd1306_fonts.o
 .debug_abbrev  0x0000000000000dbe      0x109 Core/Src/stm32f7xx_hal_msp.o
 .debug_abbrev  0x0000000000000ec7       0xc6 Core/Src/stm32f7xx_it.o
 .debug_abbrev  0x0000000000000f8d      0x19b Core/Src/sysmem.o
 .debug_abbrev  0x0000000000001128      0x147 Core/Src/system_stm32f7xx.o
 .debug_abbrev  0x000000000000126f       0x12 Core/Startup/startup_stm32f767zitx.o
 .debug_abbrev  0x0000000000001281      0x1c7 Drivers/STM32F7xx_HAL_Driver/stm32f7xx_hal.o
 .debug_abbrev  0x0000000000001448      0x205 Drivers/STM32F7xx_HAL_Driver/stm32f7xx_hal_adc.o
 .debug_abbrev  0x000000000000164d      0x2fa Drivers/STM32F7xx_HAL_Driver/stm32f7xx_hal_cortex.o
 .debug_abbrev  0x0000000000001947      0x1c9 Drivers/STM32F7xx_HAL_Driver/stm32f7xx_hal_gpio.o
 .debug_abbrev  0x0000000000001b10      0x1b8 Drivers/STM32F7xx_HAL_Driver/stm32f7xx_hal_pwr_ex.o
 .debug_abbrev  0x0000000000001cc8      0x268 Drivers/STM32F7xx_HAL_Driver/stm32f7xx_hal_rcc.o
 .debug_abbrev  0x0000000000001f30      0x228 Drivers/STM32F7xx_HAL_Driver/stm32f7xx_hal_spi.o

.debug_aranges  0x0000000000000000      0xa48
 .debug_aranges
                0x0000000000000000       0x38 Core/Src/adc.o
 .debug_aranges
                0x0000000000000038      0x148 Core/Src/game.o
 .debug_aranges
                0x0000000000000180       0x20 Core/Src/gpio.o
 .debug_aranges
                0x00000000000001a0       0x30 Core/Src/main.o
 .debug_aranges
                0x00000000000001d0       0x30 Core/Src/spi.o
 .debug_aranges
                0x0000000000000200       0xf8 Core/Src/ssd1306.o
 .debug_aranges
                0x00000000000002f8       0x18 Core/Src/ssd1306_fonts.o
 .debug_aranges
                0x0000000000000310       0x20 Core/Src/stm32f7xx_hal_msp.o
 .debug_aranges
                0x0000000000000330       0x60 Core/Src/stm32f7xx_it.o
 .debug_aranges
                0x0000000000000390       0x20 Core/Src/sysmem.o
 .debug_aranges
                0x00000000000003b0       0x28 Core/Src/system_stm32f7xx.o
 .debug_aranges
                0x00000000000003d8       0x28 Core/Startup/startup_stm32f767zitx.o
 .debug_aranges
                0x0000000000000400      0x110 Drivers/STM32F7xx_HAL_Driver/stm32f7xx_hal.o
 .debug_aranges
                0x0000000000000510       0xe8 Drivers/STM32F7xx_HAL_Driver/stm32f7xx_hal_adc.o
 .debug_aranges
                0x00000000000005f8      0x118 Drivers/STM32F7xx_HAL_Driver/stm32f7xx_hal_cortex.o
 .debug_aranges
                0x0000000000000710       0x58 Drivers/STM32F7xx_HAL_Driver/stm32f7xx_hal_gpio.o
 .debug_aranges
                0x0000000000000768       0x80 Drivers/STM32F7xx_HAL_Driver/stm32f7xx_hal_pwr_ex.o
 .debug_aranges
                0x00000000000007e8       0x88 Drivers/STM32F7xx_HAL_Driver/stm32f7xx_hal_rcc.o
 .debug_aranges
                0x0000000000000870      0x1d8 Drivers/STM32F7xx_HAL_Driver/stm32f7xx_hal_spi.o

.debug_ranges   0x0000000000000000      0x918
 .debug_ranges  0x0000000000000000       0x28 Core/Src/adc.o
 .debug_ranges  0x0000000000000028      0x138 Core/Src/game.o
 .debug_ranges  0x0000000000000160       0x10 Core/Src/gpio.o
 .debug_ranges  0x0000000000000170       0x20 Core/Src/main.o
 .debug_ranges  0x0000000000000190       0x20 Core/Src/spi.o
 .debug_ranges  0x00000000000001b0       0xe8 Core/Src/ssd1306.o
 .debug_ranges  0x0000000000000298       0x10 Core/Src/stm32f7xx_hal_msp.o
 .debug_ranges  0x00000000000002a8       0x50 Core/Src/stm32f7xx_it.o
 .debug_ranges  0x00000000000002f8       0x10 Core/Src/sysmem.o
 .debug_ranges  0x0000000000000308       0x18 Core/Src/system_stm32f7xx.o
 .debug_ranges  0x0000000000000320       0x20 Core/Startup/startup_stm32f767zitx.o
 .debug_ranges  0x0000000000000340      0x100 Drivers/STM32F7xx_HAL_Driver/stm32f7xx_hal.o
 .debug_ranges  0x0000000000000440       0xd8 Drivers/STM32F7xx_HAL_Driver/stm32f7xx_hal_adc.o
 .debug_ranges  0x0000000000000518      0x108 Drivers/STM32F7xx_HAL_Driver/stm32f7xx_hal_cortex.o
 .debug_ranges  0x0000000000000620       0x48 Drivers/STM32F7xx_HAL_Driver/stm32f7xx_hal_gpio.o
 .debug_ranges  0x0000000000000668       0x70 Drivers/STM32F7xx_HAL_Driver/stm32f7xx_hal_pwr_ex.o
 .debug_ranges  0x00000000000006d8       0x78 Drivers/STM32F7xx_HAL_Driver/stm32f7xx_hal_rcc.o
 .debug_ranges  0x0000000000000750      0x1c8 Drivers/STM32F7xx_HAL_Driver/stm32f7xx_hal_spi.o

.debug_macro    0x0000000000000000    0x28e2b
 .debug_macro   0x0000000000000000      0x211 Core/Src/adc.o
 .debug_macro   0x0000000000000211      0xa66 Core/Src/adc.o
 .debug_macro   0x0000000000000c77      0x293 Core/Src/adc.o
 .debug_macro   0x0000000000000f0a       0x2e Core/Src/adc.o
 .debug_macro   0x0000000000000f38       0x3b Core/Src/adc.o
 .debug_macro   0x0000000000000f73       0x22 Core/Src/adc.o
 .debug_macro   0x0000000000000f95       0x8e Core/Src/adc.o
 .debug_macro   0x0000000000001023       0x51 Core/Src/adc.o
 .debug_macro   0x0000000000001074       0xef Core/Src/adc.o
 .debug_macro   0x0000000000001163       0x6a Core/Src/adc.o
 .debug_macro   0x00000000000011cd      0x1df Core/Src/adc.o
 .debug_macro   0x00000000000013ac       0x1c Core/Src/adc.o
 .debug_macro   0x00000000000013c8       0x22 Core/Src/adc.o
 .debug_macro   0x00000000000013ea       0xdf Core/Src/adc.o
 .debug_macro   0x00000000000014c9     0x12cd Core/Src/adc.o
 .debug_macro   0x0000000000002796      0x11f Core/Src/adc.o
 .debug_macro   0x00000000000028b5       0x19 Core/Src/adc.o
 .debug_macro   0x00000000000028ce    0x1a9cf Core/Src/adc.o
 .debug_macro   0x000000000001d29d       0x43 Core/Src/adc.o
 .debug_macro   0x000000000001d2e0     0x36c9 Core/Src/adc.o
 .debug_macro   0x00000000000209a9      0x174 Core/Src/adc.o
 .debug_macro   0x0000000000020b1d       0x63 Core/Src/adc.o
 .debug_macro   0x0000000000020b80     0x1add Core/Src/adc.o
 .debug_macro   0x000000000002265d      0x6c4 Core/Src/adc.o
 .debug_macro   0x0000000000022d21      0x18b Core/Src/adc.o
 .debug_macro   0x0000000000022eac      0x117 Core/Src/adc.o
 .debug_macro   0x0000000000022fc3      0x26f Core/Src/adc.o
 .debug_macro   0x0000000000023232       0x27 Core/Src/adc.o
 .debug_macro   0x0000000000023259      0x24f Core/Src/adc.o
 .debug_macro   0x00000000000234a8       0x71 Core/Src/adc.o
 .debug_macro   0x0000000000023519       0x58 Core/Src/adc.o
 .debug_macro   0x0000000000023571      0x236 Core/Src/adc.o
 .debug_macro   0x00000000000237a7      0xb46 Core/Src/adc.o
 .debug_macro   0x00000000000242ed      0x410 Core/Src/adc.o
 .debug_macro   0x00000000000246fd      0x153 Core/Src/adc.o
 .debug_macro   0x0000000000024850      0x107 Core/Src/adc.o
 .debug_macro   0x0000000000024957      0x14f Core/Src/adc.o
 .debug_macro   0x0000000000024aa6      0x3dc Core/Src/adc.o
 .debug_macro   0x0000000000024e82       0x12 Core/Src/adc.o
 .debug_macro   0x0000000000024e94      0x22c Core/Src/adc.o
 .debug_macro   0x00000000000250c0       0x61 Core/Src/adc.o
 .debug_macro   0x0000000000025121       0xa5 Core/Src/adc.o
 .debug_macro   0x00000000000251c6      0x12f Core/Src/adc.o
 .debug_macro   0x00000000000252f5      0x108 Core/Src/adc.o
 .debug_macro   0x00000000000253fd       0x35 Core/Src/adc.o
 .debug_macro   0x0000000000025432      0x2fe Core/Src/adc.o
 .debug_macro   0x0000000000025730      0x15c Core/Src/adc.o
 .debug_macro   0x000000000002588c       0x64 Core/Src/adc.o
 .debug_macro   0x00000000000258f0      0x310 Core/Src/game.o
 .debug_macro   0x0000000000025c00       0x22 Core/Src/game.o
 .debug_macro   0x0000000000025c22       0x46 Core/Src/game.o
 .debug_macro   0x0000000000025c68       0x17 Core/Src/game.o
 .debug_macro   0x0000000000025c7f       0x3c Core/Src/game.o
 .debug_macro   0x0000000000025cbb       0x3a Core/Src/game.o
 .debug_macro   0x0000000000025cf5       0x35 Core/Src/game.o
 .debug_macro   0x0000000000025d2a      0x460 Core/Src/game.o
 .debug_macro   0x000000000002618a       0x16 Core/Src/game.o
 .debug_macro   0x00000000000261a0       0x52 Core/Src/game.o
 .debug_macro   0x00000000000261f2       0x1f Core/Src/game.o
 .debug_macro   0x0000000000026211       0x43 Core/Src/game.o
 .debug_macro   0x0000000000026254       0x20 Core/Src/game.o
 .debug_macro   0x0000000000026274      0x1a3 Core/Src/game.o
 .debug_macro   0x0000000000026417      0x32a Core/Src/game.o
 .debug_macro   0x0000000000026741      0x1e1 Core/Src/game.o
 .debug_macro   0x0000000000026922      0x17e Core/Src/game.o
 .debug_macro   0x0000000000026aa0      0x211 Core/Src/gpio.o
 .debug_macro   0x0000000000026cb1      0x320 Core/Src/main.o
 .debug_macro   0x0000000000026fd1      0x211 Core/Src/spi.o
 .debug_macro   0x00000000000271e2      0x348 Core/Src/ssd1306.o
 .debug_macro   0x000000000002752a       0x6a Core/Src/ssd1306.o
 .debug_macro   0x0000000000027594       0x16 Core/Src/ssd1306.o
 .debug_macro   0x00000000000275aa       0x16 Core/Src/ssd1306.o
 .debug_macro   0x00000000000275c0       0x29 Core/Src/ssd1306.o
 .debug_macro   0x00000000000275e9       0x16 Core/Src/ssd1306.o
 .debug_macro   0x00000000000275ff       0x20 Core/Src/ssd1306.o
 .debug_macro   0x000000000002761f       0x6c Core/Src/ssd1306_fonts.o
 .debug_macro   0x000000000002768b      0x207 Core/Src/stm32f7xx_hal_msp.o
 .debug_macro   0x0000000000027892      0x211 Core/Src/stm32f7xx_it.o
 .debug_macro   0x0000000000027aa3       0xee Core/Src/sysmem.o
 .debug_macro   0x0000000000027b91      0x23b Core/Src/sysmem.o
 .debug_macro   0x0000000000027dcc      0x1f8 Core/Src/system_stm32f7xx.o
 .debug_macro   0x0000000000027fc4      0x21c Drivers/STM32F7xx_HAL_Driver/stm32f7xx_hal.o
 .debug_macro   0x00000000000281e0      0x1f9 Drivers/STM32F7xx_HAL_Driver/stm32f7xx_hal_adc.o
 .debug_macro   0x00000000000283d9      0x1f8 Drivers/STM32F7xx_HAL_Driver/stm32f7xx_hal_cortex.o
 .debug_macro   0x00000000000285d1      0x22e Drivers/STM32F7xx_HAL_Driver/stm32f7xx_hal_gpio.o
 .debug_macro   0x00000000000287ff      0x210 Drivers/STM32F7xx_HAL_Driver/stm32f7xx_hal_pwr_ex.o
 .debug_macro   0x0000000000028a0f      0x21c Drivers/STM32F7xx_HAL_Driver/stm32f7xx_hal_rcc.o
 .debug_macro   0x0000000000028c2b      0x200 Drivers/STM32F7xx_HAL_Driver/stm32f7xx_hal_spi.o

.debug_line     0x0000000000000000     0xb496
 .debug_line    0x0000000000000000      0x852 Core/Src/adc.o
 .debug_line    0x0000000000000852     0x101c Core/Src/game.o
 .debug_line    0x000000000000186e      0x7f3 Core/Src/gpio.o
 .debug_line    0x0000000000002061      0xa1a Core/Src/main.o
 .debug_line    0x0000000000002a7b      0x816 Core/Src/spi.o
 .debug_line    0x0000000000003291      0xda4 Core/Src/ssd1306.o
 .debug_line    0x0000000000004035      0x39a Core/Src/ssd1306_fonts.o
 .debug_line    0x00000000000043cf      0x7e0 Core/Src/stm32f7xx_hal_msp.o
 .debug_line    0x0000000000004baf      0x884 Core/Src/stm32f7xx_it.o
 .debug_line    0x0000000000005433      0x4c7 Core/Src/sysmem.o
 .debug_line    0x00000000000058fa      0x7f8 Core/Src/system_stm32f7xx.o
 .debug_line    0x00000000000060f2       0x88 Core/Startup/startup_stm32f767zitx.o
 .debug_line    0x000000000000617a      0xa64 Drivers/STM32F7xx_HAL_Driver/stm32f7xx_hal.o
 .debug_line    0x0000000000006bde      0xc74 Drivers/STM32F7xx_HAL_Driver/stm32f7xx_hal_adc.o
 .debug_line    0x0000000000007852      0xb41 Drivers/STM32F7xx_HAL_Driver/stm32f7xx_hal_cortex.o
 .debug_line    0x0000000000008393      0xa23 Drivers/STM32F7xx_HAL_Driver/stm32f7xx_hal_gpio.o
 .debug_line    0x0000000000008db6      0x961 Drivers/STM32F7xx_HAL_Driver/stm32f7xx_hal_pwr_ex.o
 .debug_line    0x0000000000009717      0xaca Drivers/STM32F7xx_HAL_Driver/stm32f7xx_hal_rcc.o
 .debug_line    0x000000000000a1e1     0x12b5 Drivers/STM32F7xx_HAL_Driver/stm32f7xx_hal_spi.o

.debug_str      0x0000000000000000    0xfc60c
 .debug_str     0x0000000000000000    0xf4228 Core/Src/adc.o
                                      0xf4971 (size before relaxing)
 .debug_str     0x00000000000f4228     0x571e Core/Src/game.o
                                      0xf9fba (size before relaxing)
 .debug_str     0x00000000000f9946       0x3c Core/Src/gpio.o
                                      0xf451f (size before relaxing)
 .debug_str     0x00000000000f9982      0x1a0 Core/Src/main.o
                                      0xf9d9c (size before relaxing)
 .debug_str     0x00000000000f9b22       0x4b Core/Src/spi.o
                                      0xf4997 (size before relaxing)
 .debug_str     0x00000000000f9b6d      0x530 Core/Src/ssd1306.o
                                      0xf96a1 (size before relaxing)
 .debug_str     0x00000000000fa09d       0x41 Core/Src/ssd1306_fonts.o
                                       0x3d14 (size before relaxing)
 .debug_str     0x00000000000fa0de       0x2c Core/Src/stm32f7xx_hal_msp.o
                                      0xf4484 (size before relaxing)
 .debug_str     0x00000000000fa10a       0xbd Core/Src/stm32f7xx_it.o
                                      0xf43f5 (size before relaxing)
 .debug_str     0x00000000000fa1c7      0x4e9 Core/Src/sysmem.o
                                       0x5f67 (size before relaxing)
 .debug_str     0x00000000000fa6b0      0x178 Core/Src/system_stm32f7xx.o
                                      0xf445b (size before relaxing)
 .debug_str     0x00000000000fa828       0x36 Core/Startup/startup_stm32f767zitx.o
                                         0x55 (size before relaxing)
 .debug_str     0x00000000000fa85e      0xa1f Drivers/STM32F7xx_HAL_Driver/stm32f7xx_hal.o
                                      0xf4e31 (size before relaxing)
 .debug_str     0x00000000000fb27d      0x2d1 Drivers/STM32F7xx_HAL_Driver/stm32f7xx_hal_adc.o
                                      0xf494b (size before relaxing)
 .debug_str     0x00000000000fb54e      0x3c0 Drivers/STM32F7xx_HAL_Driver/stm32f7xx_hal_cortex.o
                                      0xf4e9d (size before relaxing)
 .debug_str     0x00000000000fb90e      0x281 Drivers/STM32F7xx_HAL_Driver/stm32f7xx_hal_gpio.o
                                      0xf467e (size before relaxing)
 .debug_str     0x00000000000fbb8f      0x209 Drivers/STM32F7xx_HAL_Driver/stm32f7xx_hal_pwr_ex.o
                                      0xf4722 (size before relaxing)
 .debug_str     0x00000000000fbd98      0x2b7 Drivers/STM32F7xx_HAL_Driver/stm32f7xx_hal_rcc.o
                                      0xf47dc (size before relaxing)
 .debug_str     0x00000000000fc04f      0x5bd Drivers/STM32F7xx_HAL_Driver/stm32f7xx_hal_spi.o
                                      0xf4c83 (size before relaxing)

.comment        0x0000000000000000       0x7b
 .comment       0x0000000000000000       0x7b Core/Src/adc.o
                                         0x7c (size before relaxing)
 .comment       0x000000000000007b       0x7c Core/Src/game.o
 .comment       0x000000000000007b       0x7c Core/Src/gpio.o
 .comment       0x000000000000007b       0x7c Core/Src/main.o
 .comment       0x000000000000007b       0x7c Core/Src/spi.o
 .comment       0x000000000000007b       0x7c Core/Src/ssd1306.o
 .comment       0x000000000000007b       0x7c Core/Src/ssd1306_fonts.o
 .comment       0x000000000000007b       0x7c Core/Src/stm32f7xx_hal_msp.o
 .comment       0x000000000000007b       0x7c Core/Src/stm32f7xx_it.o
 .comment       0x000000000000007b       0x7c Core/Src/sysmem.o
 .comment       0x000000000000007b       0x7c Core/Src/system_stm32f7xx.o
 .comment       0x000000000000007b       0x7c Drivers/STM32F7xx_HAL_Driver/stm32f7xx_hal.o
 .comment       0x000000000000007b       0x7c Drivers/STM32F7xx_HAL_Driver/stm32f7xx_hal_adc.o
 .comment       0x000000000000007b       0x7c Drivers/STM32F7xx_HAL_Driver/stm32f7xx_hal_cortex.o
 .comment       0x000000000000007b       0x7c Drivers/STM32F7xx_HAL_Driver/stm32f7xx_hal_gpio.o
 .comment       0x000000000000007b       0x7c Drivers/STM32F7xx_HAL_Driver/stm32f7xx_hal_pwr_ex.o
 .comment       0x000000000000007b       0x7c Drivers/STM32F7xx_HAL_Driver/stm32f7xx_hal_rcc.o
 .comment       0x000000000000007b       0x7c Drivers/STM32F7xx_HAL_Driver/stm32f7xx_hal_spi.o

.debug_frame    0x0000000000000000     0x2bb8
 .debug_frame   0x0000000000000000       0xa0 Core/Src/adc.o
 .debug_frame   0x00000000000000a0      0x59c Core/Src/game.o
 .debug_frame   0x000000000000063c       0x34 Core/Src/gpio.o
 .debug_frame   0x0000000000000670       0x78 Core/Src/main.o
 .debug_frame   0x00000000000006e8       0x74 Core/Src/spi.o
 .debug_frame   0x000000000000075c      0x434 Core/Src/ssd1306.o
 .debug_frame   0x0000000000000b90       0x38 Core/Src/stm32f7xx_hal_msp.o
 .debug_frame   0x0000000000000bc8      0x10c Core/Src/stm32f7xx_it.o
 .debug_frame   0x0000000000000cd4       0x34 Core/Src/sysmem.o
 .debug_frame   0x0000000000000d08       0x58 Core/Src/system_stm32f7xx.o
 .debug_frame   0x0000000000000d60      0x3f4 Drivers/STM32F7xx_HAL_Driver/stm32f7xx_hal.o
 .debug_frame   0x0000000000001154      0x3fc Drivers/STM32F7xx_HAL_Driver/stm32f7xx_hal_adc.o
 .debug_frame   0x0000000000001550      0x498 Drivers/STM32F7xx_HAL_Driver/stm32f7xx_hal_cortex.o
 .debug_frame   0x00000000000019e8      0x14c Drivers/STM32F7xx_HAL_Driver/stm32f7xx_hal_gpio.o
 .debug_frame   0x0000000000001b34      0x1c8 Drivers/STM32F7xx_HAL_Driver/stm32f7xx_hal_pwr_ex.o
 .debug_frame   0x0000000000001cfc      0x1f4 Drivers/STM32F7xx_HAL_Driver/stm32f7xx_hal_rcc.o
 .debug_frame   0x0000000000001ef0      0x860 Drivers/STM32F7xx_HAL_Driver/stm32f7xx_hal_spi.o
 .debug_frame   0x0000000000002750       0x20 c:/st/stm32cubeide_1.4.0/stm32cubeide/plugins/com.st.stm32cube.ide.mcu.externaltools.gnu-tools-for-stm32.7-2018-q2-update.win32_1.5.0.202011040924/tools/bin/../lib/gcc/arm-none-eabi/7.3.1/../../../../arm-none-eabi/lib/thumb/v7e-m/fpv5/hard\libc_nano.a(lib_a-errno.o)
 .debug_frame   0x0000000000002770       0x2c c:/st/stm32cubeide_1.4.0/stm32cubeide/plugins/com.st.stm32cube.ide.mcu.externaltools.gnu-tools-for-stm32.7-2018-q2-update.win32_1.5.0.202011040924/tools/bin/../lib/gcc/arm-none-eabi/7.3.1/../../../../arm-none-eabi/lib/thumb/v7e-m/fpv5/hard\libc_nano.a(lib_a-init.o)
 .debug_frame   0x000000000000279c       0x28 c:/st/stm32cubeide_1.4.0/stm32cubeide/plugins/com.st.stm32cube.ide.mcu.externaltools.gnu-tools-for-stm32.7-2018-q2-update.win32_1.5.0.202011040924/tools/bin/../lib/gcc/arm-none-eabi/7.3.1/../../../../arm-none-eabi/lib/thumb/v7e-m/fpv5/hard\libc_nano.a(lib_a-memcpy-stub.o)
 .debug_frame   0x00000000000027c4       0x20 c:/st/stm32cubeide_1.4.0/stm32cubeide/plugins/com.st.stm32cube.ide.mcu.externaltools.gnu-tools-for-stm32.7-2018-q2-update.win32_1.5.0.202011040924/tools/bin/../lib/gcc/arm-none-eabi/7.3.1/../../../../arm-none-eabi/lib/thumb/v7e-m/fpv5/hard\libc_nano.a(lib_a-memset.o)
 .debug_frame   0x00000000000027e4       0x48 c:/st/stm32cubeide_1.4.0/stm32cubeide/plugins/com.st.stm32cube.ide.mcu.externaltools.gnu-tools-for-stm32.7-2018-q2-update.win32_1.5.0.202011040924/tools/bin/../lib/gcc/arm-none-eabi/7.3.1/../../../../arm-none-eabi/lib/thumb/v7e-m/fpv5/hard\libc_nano.a(lib_a-rand.o)
 .debug_frame   0x000000000000282c       0x6c c:/st/stm32cubeide_1.4.0/stm32cubeide/plugins/com.st.stm32cube.ide.mcu.externaltools.gnu-tools-for-stm32.7-2018-q2-update.win32_1.5.0.202011040924/tools/bin/../lib/gcc/arm-none-eabi/7.3.1/../../../../arm-none-eabi/lib/thumb/v7e-m/fpv5/hard\libc_nano.a(lib_a-sprintf.o)
 .debug_frame   0x0000000000002898       0x30 c:/st/stm32cubeide_1.4.0/stm32cubeide/plugins/com.st.stm32cube.ide.mcu.externaltools.gnu-tools-for-stm32.7-2018-q2-update.win32_1.5.0.202011040924/tools/bin/../lib/gcc/arm-none-eabi/7.3.1/../../../../arm-none-eabi/lib/thumb/v7e-m/fpv5/hard\libc_nano.a(lib_a-malloc.o)
 .debug_frame   0x00000000000028c8       0x38 c:/st/stm32cubeide_1.4.0/stm32cubeide/plugins/com.st.stm32cube.ide.mcu.externaltools.gnu-tools-for-stm32.7-2018-q2-update.win32_1.5.0.202011040924/tools/bin/../lib/gcc/arm-none-eabi/7.3.1/../../../../arm-none-eabi/lib/thumb/v7e-m/fpv5/hard\libc_nano.a(lib_a-nano-freer.o)
 .debug_frame   0x0000000000002900       0x2c c:/st/stm32cubeide_1.4.0/stm32cubeide/plugins/com.st.stm32cube.ide.mcu.externaltools.gnu-tools-for-stm32.7-2018-q2-update.win32_1.5.0.202011040924/tools/bin/../lib/gcc/arm-none-eabi/7.3.1/../../../../arm-none-eabi/lib/thumb/v7e-m/fpv5/hard\libc_nano.a(lib_a-nano-mallocr.o)
 .debug_frame   0x000000000000292c       0x90 c:/st/stm32cubeide_1.4.0/stm32cubeide/plugins/com.st.stm32cube.ide.mcu.externaltools.gnu-tools-for-stm32.7-2018-q2-update.win32_1.5.0.202011040924/tools/bin/../lib/gcc/arm-none-eabi/7.3.1/../../../../arm-none-eabi/lib/thumb/v7e-m/fpv5/hard\libc_nano.a(lib_a-nano-svfprintf.o)
 .debug_frame   0x00000000000029bc       0x60 c:/st/stm32cubeide_1.4.0/stm32cubeide/plugins/com.st.stm32cube.ide.mcu.externaltools.gnu-tools-for-stm32.7-2018-q2-update.win32_1.5.0.202011040924/tools/bin/../lib/gcc/arm-none-eabi/7.3.1/../../../../arm-none-eabi/lib/thumb/v7e-m/fpv5/hard\libc_nano.a(lib_a-nano-vfprintf_i.o)
 .debug_frame   0x0000000000002a1c       0x2c c:/st/stm32cubeide_1.4.0/stm32cubeide/plugins/com.st.stm32cube.ide.mcu.externaltools.gnu-tools-for-stm32.7-2018-q2-update.win32_1.5.0.202011040924/tools/bin/../lib/gcc/arm-none-eabi/7.3.1/../../../../arm-none-eabi/lib/thumb/v7e-m/fpv5/hard\libc_nano.a(lib_a-sbrkr.o)
 .debug_frame   0x0000000000002a48       0x28 c:/st/stm32cubeide_1.4.0/stm32cubeide/plugins/com.st.stm32cube.ide.mcu.externaltools.gnu-tools-for-stm32.7-2018-q2-update.win32_1.5.0.202011040924/tools/bin/../lib/gcc/arm-none-eabi/7.3.1/../../../../arm-none-eabi/lib/thumb/v7e-m/fpv5/hard\libc_nano.a(lib_a-memmove.o)
 .debug_frame   0x0000000000002a70       0x30 c:/st/stm32cubeide_1.4.0/stm32cubeide/plugins/com.st.stm32cube.ide.mcu.externaltools.gnu-tools-for-stm32.7-2018-q2-update.win32_1.5.0.202011040924/tools/bin/../lib/gcc/arm-none-eabi/7.3.1/../../../../arm-none-eabi/lib/thumb/v7e-m/fpv5/hard\libc_nano.a(lib_a-mlock.o)
 .debug_frame   0x0000000000002aa0       0x3c c:/st/stm32cubeide_1.4.0/stm32cubeide/plugins/com.st.stm32cube.ide.mcu.externaltools.gnu-tools-for-stm32.7-2018-q2-update.win32_1.5.0.202011040924/tools/bin/../lib/gcc/arm-none-eabi/7.3.1/../../../../arm-none-eabi/lib/thumb/v7e-m/fpv5/hard\libc_nano.a(lib_a-nano-reallocr.o)
 .debug_frame   0x0000000000002adc       0x5c c:/st/stm32cubeide_1.4.0/stm32cubeide/plugins/com.st.stm32cube.ide.mcu.externaltools.gnu-tools-for-stm32.7-2018-q2-update.win32_1.5.0.202011040924/tools/bin/../lib/gcc/arm-none-eabi/7.3.1/../../../../arm-none-eabi/lib/thumb/v7e-m/fpv5/hard\libc_nano.a(lib_a-reent.o)
 .debug_frame   0x0000000000002b38       0x20 c:/st/stm32cubeide_1.4.0/stm32cubeide/plugins/com.st.stm32cube.ide.mcu.externaltools.gnu-tools-for-stm32.7-2018-q2-update.win32_1.5.0.202011040924/tools/bin/../lib/gcc/arm-none-eabi/7.3.1/../../../../arm-none-eabi/lib/thumb/v7e-m/fpv5/hard\libc_nano.a(lib_a-nano-msizer.o)
 .debug_frame   0x0000000000002b58       0x2c c:/st/stm32cubeide_1.4.0/stm32cubeide/plugins/com.st.stm32cube.ide.mcu.externaltools.gnu-tools-for-stm32.7-2018-q2-update.win32_1.5.0.202011040924/tools/bin/../lib/gcc/arm-none-eabi/7.3.1/thumb/v7e-m/fpv5/hard\libgcc.a(_aeabi_uldivmod.o)
 .debug_frame   0x0000000000002b84       0x34 c:/st/stm32cubeide_1.4.0/stm32cubeide/plugins/com.st.stm32cube.ide.mcu.externaltools.gnu-tools-for-stm32.7-2018-q2-update.win32_1.5.0.202011040924/tools/bin/../lib/gcc/arm-none-eabi/7.3.1/thumb/v7e-m/fpv5/hard\libgcc.a(_udivmoddi4.o)
