game.c:30:5:ReadFromADC	24	static
game.c:55:11:ButtonHandler	8	static
game.c:63:6:_GameEngineBulletInit	16	static
game.c:71:6:_GameEngineBossBulletInit	24	static
game.c:88:6:_GameEngineBossInit	24	static
game.c:137:6:_GameEngineBossAppear	40	static
game.c:176:7:JoystickMoveHandler	24	static
game.c:225:6:_GameEngineJoystickHandler	32	static
game.c:338:6:_GameEngineBulletsHandler	24	static
game.c:355:6:_GameEngineEnemyesHandler	24	static
game.c:385:6:_GameEngineCareHandler	16	static
game.c:406:6:_GameEngineBossHandler	32	static
game.c:476:6:_GameEngineBossBulletsHandler	24	static
game.c:493:6:_GameEngineColissionHandler	32	static
game.c:643:6:_GameEngineScoreHandler	16	static
game.c:653:6:_GameEngineLifeHandler	16	static
game.c:662:6:_GameEngineStarshipDraw	16	static
game.c:670:6:_GameEngineBulletsDraw	24	static
game.c:684:6:_GameEngineEnemyesDraw	24	static
game.c:696:6:_GameEngineCareDraw	16	static
game.c:702:6:_GameEngineBossDraw	16	static
game.c:800:6:_GameEngineBossBulletsDraw	24	static
game.c:819:6:_GameEngineBossErase	16	static
game.c:885:6:_GameEngineBulletsErase	24	static
game.c:899:6:_GameEngineEnemyesErase	24	static
game.c:910:6:_GameEngineScoreDraw	40	static
game.c:936:6:_GameEngineBossHPDraw	32	static
game.c:955:6:_GameEngineGameOver	32	static
game.c:1002:6:_GameEngineDrawObject8x8	16	static
game.c:1007:6:_GameEngineEraseObject8x8	16	static
game.c:1012:6:_GameEngineDrawObject16x16	16	static
game.c:1017:6:_GameEngineEraseObject16x16	16	static
game.c:1022:6:_GameEngineDrawObject24x24	16	static
game.c:1027:6:_GameEngineEraseObject24x24	16	static
game.c:1032:6:_GameEngineDrawObject32x32	16	static
game.c:1037:6:_GameEngineEraseObject32x32	16	static
game.c:1042:6:_GameEngineDrawObject32x64	24	static
game.c:1048:6:_GameEngineEraseObject32x64	24	static
