ssd1306.c:19:6:ssd1306_Reset	8	static
ssd1306.c:31:6:ssd1306_WriteCommand	16	static
ssd1306.c:39:6:ssd1306_WriteData	16	static
ssd1306.c:54:17:ssd1306_FillBuffer	24	static
ssd1306.c:64:6:ssd1306_Init	8	static
ssd1306.c:187:6:ssd1306_Fill	24	static
ssd1306.c:197:6:ssd1306_UpdateScreen	16	static
ssd1306.c:216:6:ssd1306_DrawPixel	16	static
ssd1306.c:239:6:ssd1306_WriteChar	48	static
ssd1306.c:274:6:ssd1306_WriteString	24	static
ssd1306.c:291:6:ssd1306_SetCursor	16	static
ssd1306.c:297:6:ssd1306_Line	48	static
ssd1306.c:333:6:ssd1306_Polyline	40	static
ssd1306.c:347:14:ssd1306_DegToRad	16	static
ssd1306.c:351:17:ssd1306_NormalizeTo0_360	24	static
ssd1306.c:368:6:ssd1306_DrawArc	64	static
ssd1306.c:405:6:ssd1306_DrawCircle	40	static
ssd1306.c:450:6:ssd1306_DrawRectangle	32	static
ssd1306.c:459:6:ssd1306_DrawFilledRectangle	32	static
ssd1306.c:473:6:ssd1306_SetContrast	24	static
ssd1306.c:479:6:ssd1306_SetDisplayOn	24	static
ssd1306.c:491:9:ssd1306_GetDisplayOn	4	static
ssd1306.c:495:6:ssd1306_WriteSimbol	16	static
ssd1306.c:502:6:ssd1306_WriteText	16	static
ssd1306.c:509:6:ssd1306_DrawSprite8x8	24	static
ssd1306.c:525:6:ssd1306_DrawSprite16x16	24	static
ssd1306.c:541:6:ssd1306_DrawSprite24x24	24	static
ssd1306.c:558:6:ssd1306_DrawSprite32x32	24	static
